Archive member included to satisfy reference by file (symbol)

c:/program files (x86)/gnu tools arm embedded/5.4 2016q2/bin/../lib/gcc/arm-none-eabi/5.4.1/armv7e-m\libgcc.a(_arm_addsubdf3.o)
                              ./src/main.o (__aeabi_i2d)
c:/program files (x86)/gnu tools arm embedded/5.4 2016q2/bin/../lib/gcc/arm-none-eabi/5.4.1/armv7e-m\libgcc.a(_arm_muldivdf3.o)
                              ./src/main.o (__aeabi_dmul)
c:/program files (x86)/gnu tools arm embedded/5.4 2016q2/bin/../lib/gcc/arm-none-eabi/5.4.1/armv7e-m\libgcc.a(_arm_truncdfsf2.o)
                              ./src/main.o (__aeabi_d2f)
c:/program files (x86)/gnu tools arm embedded/5.4 2016q2/bin/../lib/gcc/arm-none-eabi/5.4.1/armv7e-m\libgcc.a(_arm_addsubsf3.o)
                              ./src/main.o (__aeabi_fsub)
c:/program files (x86)/gnu tools arm embedded/5.4 2016q2/bin/../lib/gcc/arm-none-eabi/5.4.1/armv7e-m\libgcc.a(_arm_muldivsf3.o)
                              ./src/main.o (__aeabi_fmul)
c:/program files (x86)/gnu tools arm embedded/5.4 2016q2/bin/../lib/gcc/arm-none-eabi/5.4.1/armv7e-m\libgcc.a(_arm_cmpsf2.o)
                              ./src/main.o (__aeabi_fcmplt)
c:/program files (x86)/gnu tools arm embedded/5.4 2016q2/bin/../lib/gcc/arm-none-eabi/5.4.1/armv7e-m\libgcc.a(_arm_fixsfsi.o)
                              ./src/main.o (__aeabi_f2iz)
c:/program files (x86)/gnu tools arm embedded/5.4 2016q2/bin/../lib/gcc/arm-none-eabi/5.4.1/armv7e-m\libgcc.a(_arm_fixunssfsi.o)
                              ./src/main.o (__aeabi_f2uiz)
c:/program files (x86)/gnu tools arm embedded/5.4 2016q2/bin/../lib/gcc/arm-none-eabi/5.4.1/../../../../arm-none-eabi/lib/armv7e-m\libg_nano.a(lib_a-abs.o)
                              ./src/main.o (abs)
c:/program files (x86)/gnu tools arm embedded/5.4 2016q2/bin/../lib/gcc/arm-none-eabi/5.4.1/../../../../arm-none-eabi/lib/armv7e-m\libg_nano.a(lib_a-atoi.o)
                              ./src/main.o (atoi)
c:/program files (x86)/gnu tools arm embedded/5.4 2016q2/bin/../lib/gcc/arm-none-eabi/5.4.1/../../../../arm-none-eabi/lib/armv7e-m\libg_nano.a(lib_a-errno.o)
                              ./system/src/newlib/_sbrk.o (__errno)
c:/program files (x86)/gnu tools arm embedded/5.4 2016q2/bin/../lib/gcc/arm-none-eabi/5.4.1/../../../../arm-none-eabi/lib/armv7e-m\libg_nano.a(lib_a-impure.o)
                              c:/program files (x86)/gnu tools arm embedded/5.4 2016q2/bin/../lib/gcc/arm-none-eabi/5.4.1/../../../../arm-none-eabi/lib/armv7e-m\libg_nano.a(lib_a-errno.o) (_impure_ptr)
c:/program files (x86)/gnu tools arm embedded/5.4 2016q2/bin/../lib/gcc/arm-none-eabi/5.4.1/../../../../arm-none-eabi/lib/armv7e-m\libg_nano.a(lib_a-memset.o)
                              ./system/src/stm32f4-hal/stm32f4xx_hal_sd.o (memset)
c:/program files (x86)/gnu tools arm embedded/5.4 2016q2/bin/../lib/gcc/arm-none-eabi/5.4.1/../../../../arm-none-eabi/lib/armv7e-m\libg_nano.a(lib_a-nano-vfprintf_float.o)
                              (_printf_float)
c:/program files (x86)/gnu tools arm embedded/5.4 2016q2/bin/../lib/gcc/arm-none-eabi/5.4.1/../../../../arm-none-eabi/lib/armv7e-m\libg_nano.a(lib_a-nano-vfprintf_i.o)
                              c:/program files (x86)/gnu tools arm embedded/5.4 2016q2/bin/../lib/gcc/arm-none-eabi/5.4.1/../../../../arm-none-eabi/lib/armv7e-m\libg_nano.a(lib_a-nano-vfprintf_float.o) (_printf_common)
c:/program files (x86)/gnu tools arm embedded/5.4 2016q2/bin/../lib/gcc/arm-none-eabi/5.4.1/../../../../arm-none-eabi/lib/armv7e-m\libg_nano.a(lib_a-snprintf.o)
                              ./src/main.o (snprintf)
c:/program files (x86)/gnu tools arm embedded/5.4 2016q2/bin/../lib/gcc/arm-none-eabi/5.4.1/../../../../arm-none-eabi/lib/armv7e-m\libg_nano.a(lib_a-strcmp.o)
                              ./src/main.o (strcmp)
c:/program files (x86)/gnu tools arm embedded/5.4 2016q2/bin/../lib/gcc/arm-none-eabi/5.4.1/../../../../arm-none-eabi/lib/armv7e-m\libg_nano.a(lib_a-strcpy.o)
                              ./src/main.o (strcpy)
c:/program files (x86)/gnu tools arm embedded/5.4 2016q2/bin/../lib/gcc/arm-none-eabi/5.4.1/../../../../arm-none-eabi/lib/armv7e-m\libg_nano.a(lib_a-strlen.o)
                              ./system/src/diag/Trace.o (strlen)
c:/program files (x86)/gnu tools arm embedded/5.4 2016q2/bin/../lib/gcc/arm-none-eabi/5.4.1/../../../../arm-none-eabi/lib/armv7e-m\libg_nano.a(lib_a-strtod.o)
                              ./src/main.o (strtof)
c:/program files (x86)/gnu tools arm embedded/5.4 2016q2/bin/../lib/gcc/arm-none-eabi/5.4.1/../../../../arm-none-eabi/lib/armv7e-m\libg_nano.a(lib_a-strtok.o)
                              ./src/main.o (strtok)
c:/program files (x86)/gnu tools arm embedded/5.4 2016q2/bin/../lib/gcc/arm-none-eabi/5.4.1/../../../../arm-none-eabi/lib/armv7e-m\libg_nano.a(lib_a-strtok_r.o)
[...]
Memory Configuration

Name             Origin             Length             Attributes
RAM              0x20000000         0x00020000         xrw
CCMRAM           0x10000000         0x00010000         xrw
FLASH            0x08000000         0x00080000         xr
FLASHB1          0x00000000         0x00000000         xr
EXTMEMB0         0x00000000         0x00000000         xr
EXTMEMB1         0x00000000         0x00000000         xr
EXTMEMB2         0x00000000         0x00000000         xr
EXTMEMB3         0x00000000         0x00000000         xr
MEMORY_ARRAY     0x20002000         0x00000020         xrw
*default*        0x00000000         0xffffffff

Linker script and memory map

LOAD ./system/src/stm32f4-hal/stm32f4xx_hal.o
LOAD ./system/src/stm32f4-hal/stm32f4xx_hal_adc.o
LOAD ./system/src/stm32f4-hal/stm32f4xx_hal_adc_ex.o
LOAD ./system/src/stm32f4-hal/stm32f4xx_hal_cortex.o
LOAD ./system/src/stm32f4-hal/stm32f4xx_hal_dma.o
LOAD ./system/src/stm32f4-hal/stm32f4xx_hal_dma2d.o
LOAD ./system/src/stm32f4-hal/stm32f4xx_hal_dma_ex.o
LOAD ./system/src/stm32f4-hal/stm32f4xx_hal_gpio.o
LOAD ./system/src/stm32f4-hal/stm32f4xx_hal_pwr.o
LOAD ./system/src/stm32f4-hal/stm32f4xx_hal_pwr_ex.o
LOAD ./system/src/stm32f4-hal/stm32f4xx_hal_rcc.o
LOAD ./system/src/stm32f4-hal/stm32f4xx_hal_rcc_ex.o
LOAD ./system/src/stm32f4-hal/stm32f4xx_hal_sd.o
LOAD ./system/src/stm32f4-hal/stm32f4xx_hal_sdram.o
LOAD ./system/src/stm32f4-hal/stm32f4xx_hal_spi.o
LOAD ./system/src/stm32f4-hal/stm32f4xx_hal_sram.o
LOAD ./system/src/stm32f4-hal/stm32f4xx_hal_tim.o
LOAD ./system/src/stm32f4-hal/stm32f4xx_hal_tim_ex.o
LOAD ./system/src/stm32f4-hal/stm32f4xx_hal_uart.o
LOAD ./system/src/stm32f4-hal/stm32f4xx_hal_usart.o
LOAD ./system/src/stm32f4-hal/stm32f4xx_ll_sdmmc.o
LOAD ./system/src/newlib/_cxx.o
LOAD ./system/src/newlib/_exit.o
LOAD ./system/src/newlib/_sbrk.o
LOAD ./system/src/newlib/_startup.o
LOAD ./system/src/newlib/_syscalls.o
LOAD ./system/src/newlib/assert.o
LOAD ./system/src/diag/Trace.o
LOAD ./system/src/diag/trace_impl.o
LOAD ./system/src/cortexm/_initialize_hardware.o
LOAD ./system/src/cortexm/_reset_hardware.o
LOAD ./system/src/cortexm/exception_handlers.o
LOAD ./system/src/cmsis/system_stm32f4xx.o
LOAD ./system/src/cmsis/vectors_stm32f446xx.o
LOAD ./src/_initialize_hardware.o
LOAD ./src/_write.o
LOAD ./src/bsp_driver_sd.o
LOAD ./src/fatfs.o
LOAD ./src/main.o
LOAD ./src/stm32f4xx_hal_msp.o
LOAD ./src/stm32f4xx_it.o
LOAD ./include/diskio.o
LOAD ./include/ff.o
LOAD ./include/ff_gen_drv.o
LOAD ./include/sd_diskio.o
LOAD ./include/syscall.o
LOAD ./include/unicode.o
LOAD c:/program files (x86)/gnu tools arm embedded/5.4 2016q2/bin/../lib/gcc/arm-none-eabi/5.4.1/../../../../arm-none-eabi/lib/armv7e-m\libstdc++_nano.a
LOAD c:/program files (x86)/gnu tools arm embedded/5.4 2016q2/bin/../lib/gcc/arm-none-eabi/5.4.1/../../../../arm-none-eabi/lib/armv7e-m\libm.a
START GROUP
LOAD c:/program files (x86)/gnu tools arm embedded/5.4 2016q2/bin/../lib/gcc/arm-none-eabi/5.4.1/armv7e-m\libgcc.a
LOAD c:/program files (x86)/gnu tools arm embedded/5.4 2016q2/bin/../lib/gcc/arm-none-eabi/5.4.1/../../../../arm-none-eabi/lib/armv7e-m\libg_nano.a
LOAD c:/program files (x86)/gnu tools arm embedded/5.4 2016q2/bin/../lib/gcc/arm-none-eabi/5.4.1/../../../../arm-none-eabi/lib/armv7e-m\libc_nano.a
END GROUP
START GROUP
LOAD c:/program files (x86)/gnu tools arm embedded/5.4 2016q2/bin/../lib/gcc/arm-none-eabi/5.4.1/armv7e-m\libgcc.a
LOAD c:/program files (x86)/gnu tools arm embedded/5.4 2016q2/bin/../lib/gcc/arm-none-eabi/5.4.1/../../../../arm-none-eabi/lib/armv7e-m\libc_nano.a
END GROUP
                0x20020000                __stack = (ORIGIN (RAM) + LENGTH (RAM))
                0x20020000                _estack = __stack
                0x00000400                __Main_Stack_Size = 0x400
                [!provide]                PROVIDE (_Main_Stack_Size, __Main_Stack_Size)
                0x2001fc00                __Main_Stack_Limit = (__stack - __Main_Stack_Size)
                [!provide]                PROVIDE (_Main_Stack_Limit, __Main_Stack_Limit)
                0x00000100                _Minimum_Stack_Size = 0x100
                0x20001f74                PROVIDE (_Heap_Begin, _end_noinit)
                0x2001fc00                PROVIDE (_Heap_Limit, (__stack - __Main_Stack_Size))

.isr_vector     0x08000000      0x428
 FILL mask 0xff
                0x08000000                __vectors_start = ABSOLUTE (.)
                0x08000000                __vectors_start__ = ABSOLUTE (.)
 *(.isr_vector)
 .isr_vector    0x08000000      0x1c4 ./system/src/cmsis/vectors_stm32f446xx.o
                0x08000000                __isr_vectors
 *(.cfmconfig)
 *(.after_vectors .after_vectors.*)
 .after_vectors
                0x080001c4      0x130 ./system/src/newlib/_startup.o
                0x080001c4                _start
 .after_vectors
                0x080002f4      0x130 ./system/src/cortexm/exception_handlers.o
                0x080002f4                Reset_Handler
                0x08000314                HardFault_Handler_C
                0x0800038c                BusFault_Handler_C
                0x080003d4                UsageFault_Handler_C
 .after_vectors
                0x08000424        0x4 ./system/src/cmsis/vectors_stm32f446xx.o
                0x08000424                RTC_Alarm_IRQHandler
                0x08000424                EXTI2_IRQHandler
                0x08000424                TIM8_CC_IRQHandler
                0x08000424                SPI4_IRQHandler
                0x08000424                TIM1_CC_IRQHandler
                0x08000424                DMA2_Stream5_IRQHandler
                0x08000424                DMA1_Stream5_IRQHandler
                0x08000424                PVD_IRQHandler
                0x08000424                SDIO_IRQHandler
                0x08000424                TAMP_STAMP_IRQHandler
                0x08000424                CAN2_RX1_IRQHandler
                0x08000424                EXTI3_IRQHandler
                0x08000424                TIM8_TRG_COM_TIM14_IRQHandler
                0x08000424                TIM8_UP_TIM13_IRQHandler
                0x08000424                I2C3_ER_IRQHandler
                0x08000424                EXTI0_IRQHandler
                0x08000424                I2C2_EV_IRQHandler
                0x08000424                DMA1_Stream2_IRQHandler
                0x08000424                CAN1_RX0_IRQHandler
                0x08000424                FPU_IRQHandler
                0x08000424                OTG_HS_WKUP_IRQHandler
                0x08000424                CAN2_SCE_IRQHandler
                0x08000424                DMA2_Stream2_IRQHandler
                0x08000424                SPI1_IRQHandler
                0x08000424                TIM1_BRK_TIM9_IRQHandler
                0x08000424                DCMI_IRQHandler
                0x08000424                CAN2_RX0_IRQHandler
                0x08000424                DMA2_Stream3_IRQHandler
                0x08000424                SAI2_IRQHandler
                0x08000424                USART6_IRQHandler
                0x08000424                USART3_IRQHandler
                0x08000424                CAN1_RX1_IRQHandler
                0x08000424                DMA2_Stream0_IRQHandler
                0x08000424                I2C4_Error_IRQHandler
                0x08000424                QUADSPI_IRQHandler
                0x08000424                I2C1_EV_IRQHandler
                0x08000424                DMA1_Stream6_IRQHandler
                0x08000424                DMA1_Stream1_IRQHandler
                0x08000424                TIM3_IRQHandler
                0x08000424                RCC_IRQHandler
                0x08000424                TIM8_BRK_TIM12_IRQHandler
                0x08000424                Default_Handler
                0x08000424                CEC_IRQHandler
                0x08000424                EXTI15_10_IRQHandler
                0x08000424                ADC_IRQHandler
                0x08000424                DMA1_Stream7_IRQHandler
                0x08000424                CAN2_TX_IRQHandler
                0x08000424                TIM5_IRQHandler
                0x08000424                DMA2_Stream7_IRQHandler
                0x08000424                I2C3_EV_IRQHandler
                0x08000424                EXTI9_5_IRQHandler
                0x08000424                RTC_WKUP_IRQHandler
                0x08000424                SPDIF_RX_IRQHandler
                0x08000424                SPI2_IRQHandler
                0x08000424                OTG_HS_EP1_IN_IRQHandler
                0x08000424                DMA1_Stream0_IRQHandler
                0x08000424                CAN1_TX_IRQHandler
                0x08000424                EXTI4_IRQHandler
                0x08000424                OTG_HS_EP1_OUT_IRQHandler
                0x08000424                WWDG_IRQHandler
                0x08000424                TIM2_IRQHandler
                0x08000424                OTG_FS_WKUP_IRQHandler
                0x08000424                TIM1_TRG_COM_TIM11_IRQHandler
                0x08000424                OTG_HS_IRQHandler
                0x08000424                EXTI1_IRQHandler
                0x08000424                USART2_IRQHandler
                0x08000424                I2C2_ER_IRQHandler
                0x08000424                DMA2_Stream1_IRQHandler
                0x08000424                CAN1_SCE_IRQHandler
                0x08000424                FLASH_IRQHandler
                0x08000424                DMA2_Stream4_IRQHandler
                0x08000424                OTG_FS_IRQHandler
                0x08000424                SPI3_IRQHandler
                0x08000424                DMA1_Stream4_IRQHandler
                0x08000424                I2C1_ER_IRQHandler
                0x08000424                FMC_IRQHandler
                0x08000424                I2C4_Event_IRQHandler
                0x08000424                DMA2_Stream6_IRQHandler
                0x08000424                SAI1_IRQHandler
                0x08000424                DMA1_Stream3_IRQHandler

.inits          0x08000428       0x28
                0x08000428                __data_regions_array_start = .
                0x08000428        0x4 LONG 0x800d00c LOADADDR (.data)
                0x0800042c        0x4 LONG 0x20000000 ADDR (.data)
                0x08000430        0x4 LONG 0x200003b0 (ADDR (.data) + SIZEOF (.data))
                0x08000434        0x4 LONG 0x800d00c LOADADDR (.data_CCMRAM)
                0x08000438        0x4 LONG 0x10000000 ADDR (.data_CCMRAM)
                0x0800043c        0x4 LONG 0x10000000 (ADDR (.data_CCMRAM) + SIZEOF (.data_CCMRAM))
                0x08000440                __data_regions_array_end = .
                0x08000440                __bss_regions_array_start = .
                0x08000440        0x4 LONG 0x200003b0 ADDR (.bss)
                0x08000444        0x4 LONG 0x20001f74 (ADDR (.bss) + SIZEOF (.bss))
                0x08000448        0x4 LONG 0x10000000 ADDR (.bss_CCMRAM)
                0x0800044c        0x4 LONG 0x10000000 (ADDR (.bss_CCMRAM) + SIZEOF (.bss_CCMRAM))
                0x08000450                __bss_regions_array_end = .
 *(.init)
 *(.fini)
                0x08000450                . = ALIGN (0x4)
                0x08000450                PROVIDE (__preinit_array_start, .)
 *(.preinit_array_sysinit .preinit_array_sysinit.*)
 *(.preinit_array_platform .preinit_array_platform.*)
 *(.preinit_array .preinit_array.*)
                0x08000450                PROVIDE (__preinit_array_end, .)
                0x08000450                . = ALIGN (0x4)
                0x08000450                PROVIDE (__init_array_start, .)
 *(SORT(.init_array.*))
 *(.init_array)
                0x08000450                PROVIDE (__init_array_end, .)
                0x08000450                . = ALIGN (0x4)
                0x08000450                PROVIDE (__fini_array_start, .)
 *(SORT(.fini_array.*))
 *(.fini_array)
                0x08000450                PROVIDE (__fini_array_end, .)

.flashtext
 *(.flashtext .flashtext.*)

.text           0x08000450     0xcbb9
 *(.text .text.*)
 .text.HAL_InitTick
                0x08000450       0x28 ./system/src/stm32f4-hal/stm32f4xx_hal.o
                0x08000450                HAL_InitTick
 .text.HAL_Init
                0x08000478       0x34 ./system/src/stm32f4-hal/stm32f4xx_hal.o
                0x08000478                HAL_Init
 .text.HAL_IncTick
                0x080004ac       0x10 ./system/src/stm32f4-hal/stm32f4xx_hal.o
                0x080004ac                HAL_IncTick
 .text.HAL_GetTick
                0x080004bc        0xc ./system/src/stm32f4-hal/stm32f4xx_hal.o
                0x080004bc                HAL_GetTick
 .text.HAL_Delay
                0x080004c8       0x1c ./system/src/stm32f4-hal/stm32f4xx_hal.o
                0x080004c8                HAL_Delay
 .text.HAL_NVIC_SetPriorityGrouping
                0x080004e4       0x3c ./system/src/stm32f4-hal/stm32f4xx_hal_cortex.o
                0x080004e4                HAL_NVIC_SetPriorityGrouping
 .text.HAL_NVIC_SetPriority
                0x08000520       0x84 ./system/src/stm32f4-hal/stm32f4xx_hal_cortex.o
                0x08000520                HAL_NVIC_SetPriority
 .text.HAL_NVIC_EnableIRQ
                0x080005a4       0x2c ./system/src/stm32f4-hal/stm32f4xx_hal_cortex.o
                0x080005a4                HAL_NVIC_EnableIRQ
 .text.HAL_SYSTICK_Config
                0x080005d0       0x2c ./system/src/stm32f4-hal/stm32f4xx_hal_cortex.o
                0x080005d0                HAL_SYSTICK_Config
 .text.HAL_SYSTICK_CLKSourceConfig
                0x080005fc       0x38 ./system/src/stm32f4-hal/stm32f4xx_hal_cortex.o
                0x080005fc                HAL_SYSTICK_CLKSourceConfig
 .text.HAL_SYSTICK_Callback
                0x08000634        0x4 ./system/src/stm32f4-hal/stm32f4xx_hal_cortex.o
                0x08000634                HAL_SYSTICK_Callback
 .text.HAL_SYSTICK_IRQHandler
                0x08000638        0x8 ./system/src/stm32f4-hal/stm32f4xx_hal_cortex.o
                0x08000638                HAL_SYSTICK_IRQHandler
 .text.HAL_GPIO_Init
                0x08000640      0x34c ./system/src/stm32f4-hal/stm32f4xx_hal_gpio.o
                0x08000640                HAL_GPIO_Init
 .text.HAL_GPIO_WritePin
                0x0800098c       0x34 ./system/src/stm32f4-hal/stm32f4xx_hal_gpio.o
                0x0800098c                HAL_GPIO_WritePin
 .text.HAL_PWREx_EnableOverDrive
                0x080009c0       0xa4 ./system/src/stm32f4-hal/stm32f4xx_hal_pwr_ex.o
                0x080009c0                HAL_PWREx_EnableOverDrive
 .text.HAL_RCC_OscConfig
                0x08000a64      0x450 ./system/src/stm32f4-hal/stm32f4xx_hal_rcc.o
                0x08000a64                HAL_RCC_OscConfig
 .text.HAL_RCC_ClockConfig
                0x08000eb4      0x22c ./system/src/stm32f4-hal/stm32f4xx_hal_rcc.o
                0x08000eb4                HAL_RCC_ClockConfig
 .text.HAL_RCC_GetHCLKFreq
                0x080010e0       0x34 ./system/src/stm32f4-hal/stm32f4xx_hal_rcc.o
                0x080010e0                HAL_RCC_GetHCLKFreq
 .text.HAL_RCC_GetPCLK1Freq
                0x08001114       0x30 ./system/src/stm32f4-hal/stm32f4xx_hal_rcc.o
                0x08001114                HAL_RCC_GetPCLK1Freq
 .text.HAL_RCC_GetPCLK2Freq
                0x08001144       0x30 ./system/src/stm32f4-hal/stm32f4xx_hal_rcc.o
                0x08001144                HAL_RCC_GetPCLK2Freq
 .text.HAL_RCCEx_PeriphCLKConfig
                0x08001174      0x854 ./system/src/stm32f4-hal/stm32f4xx_hal_rcc_ex.o
                0x08001174                HAL_RCCEx_PeriphCLKConfig
 .text.HAL_RCC_GetSysClockFreq
                0x080019c8      0x10c ./system/src/stm32f4-hal/stm32f4xx_hal_rcc_ex.o
                0x080019c8                HAL_RCC_GetSysClockFreq
 .text.SD_CmdError
                0x08001ad4       0x2c ./system/src/stm32f4-hal/stm32f4xx_hal_sd.o
 .text.SD_CmdResp7Error
                0x08001b00       0x50 ./system/src/stm32f4-hal/stm32f4xx_hal_sd.o
 .text.SD_CmdResp3Error
                0x08001b50       0x24 ./system/src/stm32f4-hal/stm32f4xx_hal_sd.o
 .text.SD_CmdResp2Error
                0x08001b74       0x34 ./system/src/stm32f4-hal/stm32f4xx_hal_sd.o
 .text.SD_CmdResp1Error
                0x08001ba8      0x118 ./system/src/stm32f4-hal/stm32f4xx_hal_sd.o
 .text.SD_PowerON
                0x08001cc0      0x180 ./system/src/stm32f4-hal/stm32f4xx_hal_sd.o
 .text.SD_Select_Deselect
                0x08001e40       0x30 ./system/src/stm32f4-hal/stm32f4xx_hal_sd.o
 .text.SD_SendStatus
                0x08001e70       0x48 ./system/src/stm32f4-hal/stm32f4xx_hal_sd.o
 .text.SD_GetState
                0x08001eb8       0x24 ./system/src/stm32f4-hal/stm32f4xx_hal_sd.o
 .text.SD_CmdResp6Error
                0x08001edc       0x7c ./system/src/stm32f4-hal/stm32f4xx_hal_sd.o
 .text.SD_IsCardProgramming
                0x08001f58      0x174 ./system/src/stm32f4-hal/stm32f4xx_hal_sd.o
 .text.SD_Initialize_Cards
                0x080020cc       0xf0 ./system/src/stm32f4-hal/stm32f4xx_hal_sd.o
 .text.SD_FindSCR
                0x080021bc      0x12c ./system/src/stm32f4-hal/stm32f4xx_hal_sd.o
 .text.SD_WideBus_Enable
                0x080022e8       0x7c ./system/src/stm32f4-hal/stm32f4xx_hal_sd.o
 .text.SD_WideBus_Disable
                0x08002364       0x7c ./system/src/stm32f4-hal/stm32f4xx_hal_sd.o
 .text.HAL_SD_Get_CardInfo
                0x080023e0      0x2a4 ./system/src/stm32f4-hal/stm32f4xx_hal_sd.o
                0x080023e0                HAL_SD_Get_CardInfo
 .text.HAL_SD_Init
                0x08002684       0xbc ./system/src/stm32f4-hal/stm32f4xx_hal_sd.o
                0x08002684                HAL_SD_Init
 .text.HAL_SD_WideBusOperation_Config
                0x08002740       0x78 ./system/src/stm32f4-hal/stm32f4xx_hal_sd.o
                0x08002740                HAL_SD_WideBusOperation_Config
 .text.HAL_SD_StopTransfer
                0x080027b8       0x30 ./system/src/stm32f4-hal/stm32f4xx_hal_sd.o
                0x080027b8                HAL_SD_StopTransfer
 .text.HAL_SD_ReadBlocks
                0x080027e8      0x18c ./system/src/stm32f4-hal/stm32f4xx_hal_sd.o
                0x080027e8                HAL_SD_ReadBlocks
 .text.HAL_SD_WriteBlocks
                0x08002974      0x220 ./system/src/stm32f4-hal/stm32f4xx_hal_sd.o
                0x08002974                HAL_SD_WriteBlocks
 .text.HAL_SD_GetStatus
                0x08002b94       0x1c ./system/src/stm32f4-hal/stm32f4xx_hal_sd.o
                0x08002b94                HAL_SD_GetStatus
 .text.SPI_WaitFlagStateUntilTimeout
                0x08002bb0       0x88 ./system/src/stm32f4-hal/stm32f4xx_hal_spi.o
 .text.SPI_CheckFlag_BSY
                0x08002c38       0x28 ./system/src/stm32f4-hal/stm32f4xx_hal_spi.o
 .text.HAL_SPI_Init
                0x08002c60      0x1c4 ./system/src/stm32f4-hal/stm32f4xx_hal_spi.o
                0x08002c60                HAL_SPI_Init
 .text.HAL_SPI_TransmitReceive
                0x08002e24      0x25c ./system/src/stm32f4-hal/stm32f4xx_hal_spi.o
                0x08002e24                HAL_SPI_TransmitReceive
 .text.TIM_OC1_SetConfig
                0x08003080       0x68 ./system/src/stm32f4-hal/stm32f4xx_hal_tim.o
 .text.TIM_TI1_ConfigInputStage
                0x080030e8       0x24 ./system/src/stm32f4-hal/stm32f4xx_hal_tim.o
 .text.TIM_TI2_ConfigInputStage
                0x0800310c       0x28 ./system/src/stm32f4-hal/stm32f4xx_hal_tim.o
 .text.TIM_ITRx_SetConfig
                0x08003134       0x10 ./system/src/stm32f4-hal/stm32f4xx_hal_tim.o
 .text.TIM_ETR_SetConfig
                0x08003144       0x18 ./system/src/stm32f4-hal/stm32f4xx_hal_tim.o
 .text.TIM_OC3_SetConfig
                0x0800315c       0xb4 ./system/src/stm32f4-hal/stm32f4xx_hal_tim.o
 .text.TIM_OC4_SetConfig
                0x08003210       0x7c ./system/src/stm32f4-hal/stm32f4xx_hal_tim.o
 .text.HAL_TIM_Base_Start_IT
                0x0800328c       0x9c ./system/src/stm32f4-hal/stm32f4xx_hal_tim.o
                0x0800328c                HAL_TIM_Base_Start_IT
 .text.HAL_TIM_Base_Stop_IT
                0x08003328       0xb0 ./system/src/stm32f4-hal/stm32f4xx_hal_tim.o
                0x08003328                HAL_TIM_Base_Stop_IT
 .text.HAL_TIM_PWM_MspInit
                0x080033d8        0x4 ./system/src/stm32f4-hal/stm32f4xx_hal_tim.o
                0x080033d8                HAL_TIM_PWM_MspInit
 .text.HAL_TIM_ConfigClockSource
                0x080033dc      0x5b4 ./system/src/stm32f4-hal/stm32f4xx_hal_tim.o
                0x080033dc                HAL_TIM_ConfigClockSource
 .text.HAL_TIM_PeriodElapsedCallback
                0x08003990        0x4 ./system/src/stm32f4-hal/stm32f4xx_hal_tim.o
                0x08003990                HAL_TIM_PeriodElapsedCallback
 .text.HAL_TIM_OC_DelayElapsedCallback
                0x08003994        0x4 ./system/src/stm32f4-hal/stm32f4xx_hal_tim.o
                0x08003994                HAL_TIM_OC_DelayElapsedCallback
 .text.HAL_TIM_IC_CaptureCallback
                0x08003998        0x4 ./system/src/stm32f4-hal/stm32f4xx_hal_tim.o
                0x08003998                HAL_TIM_IC_CaptureCallback
 .text.HAL_TIM_PWM_PulseFinishedCallback
                0x0800399c        0x4 ./system/src/stm32f4-hal/stm32f4xx_hal_tim.o
                0x0800399c                HAL_TIM_PWM_PulseFinishedCallback
 .text.HAL_TIM_TriggerCallback
                0x080039a0        0x4 ./system/src/stm32f4-hal/stm32f4xx_hal_tim.o
                0x080039a0                HAL_TIM_TriggerCallback
 .text.HAL_TIM_IRQHandler
                0x080039a4      0x174 ./system/src/stm32f4-hal/stm32f4xx_hal_tim.o
                0x080039a4                HAL_TIM_IRQHandler
 .text.TIM_Base_SetConfig
                0x08003b18      0x11c ./system/src/stm32f4-hal/stm32f4xx_hal_tim.o
                0x08003b18                TIM_Base_SetConfig
 .text.HAL_TIM_Base_Init
                0x08003c34       0xec ./system/src/stm32f4-hal/stm32f4xx_hal_tim.o
                0x08003c34                HAL_TIM_Base_Init
 .text.HAL_TIM_PWM_Init
                0x08003d20       0xf4 ./system/src/stm32f4-hal/stm32f4xx_hal_tim.o
                0x08003d20                HAL_TIM_PWM_Init
 .text.TIM_OC2_SetConfig
                0x08003e14       0x90 ./system/src/stm32f4-hal/stm32f4xx_hal_tim.o
                0x08003e14                TIM_OC2_SetConfig
 .text.HAL_TIM_PWM_ConfigChannel
                0x08003ea4      0x274 ./system/src/stm32f4-hal/stm32f4xx_hal_tim.o
                0x08003ea4                HAL_TIM_PWM_ConfigChannel
 .text.TIM_CCxChannelCmd
                0x08004118       0xac ./system/src/stm32f4-hal/stm32f4xx_hal_tim.o
                0x08004118                TIM_CCxChannelCmd
 .text.HAL_TIM_PWM_Start
                0x080041c4       0xe0 ./system/src/stm32f4-hal/stm32f4xx_hal_tim.o
                0x080041c4                HAL_TIM_PWM_Start
 .text.HAL_TIM_PWM_Stop
                0x080042a4      0x110 ./system/src/stm32f4-hal/stm32f4xx_hal_tim.o
                0x080042a4                HAL_TIM_PWM_Stop
 .text.HAL_TIMEx_MasterConfigSynchronization
                0x080043b4       0xf0 ./system/src/stm32f4-hal/stm32f4xx_hal_tim_ex.o
                0x080043b4                HAL_TIMEx_MasterConfigSynchronization
 .text.HAL_TIMEx_ConfigBreakDeadTime
                0x080044a4      0x11c ./system/src/stm32f4-hal/stm32f4xx_hal_tim_ex.o
                0x080044a4                HAL_TIMEx_ConfigBreakDeadTime
 .text.HAL_TIMEx_CommutationCallback
                0x080045c0        0x4 ./system/src/stm32f4-hal/stm32f4xx_hal_tim_ex.o
                0x080045c0                HAL_TIMEx_CommutationCallback
 .text.HAL_TIMEx_BreakCallback
                0x080045c4        0x4 ./system/src/stm32f4-hal/stm32f4xx_hal_tim_ex.o
                0x080045c4                HAL_TIMEx_BreakCallback
 .text.UART_Transmit_IT
                0x080045c8       0x68 ./system/src/stm32f4-hal/stm32f4xx_hal_uart.o
 .text.UART_SetConfig
                0x08004630      0x390 ./system/src/stm32f4-hal/stm32f4xx_hal_uart.o
 .text.UART_WaitOnFlagUntilTimeout
                0x080049c0       0xdc ./system/src/stm32f4-hal/stm32f4xx_hal_uart.o
 .text.HAL_UART_Init
                0x08004a9c      0x120 ./system/src/stm32f4-hal/stm32f4xx_hal_uart.o
                0x08004a9c                HAL_UART_Init
 .text.HAL_UART_Transmit
                0x08004bbc       0xc0 ./system/src/stm32f4-hal/stm32f4xx_hal_uart.o
                0x08004bbc                HAL_UART_Transmit
 .text.HAL_UART_Receive_IT
                0x08004c7c       0x64 ./system/src/stm32f4-hal/stm32f4xx_hal_uart.o
                0x08004c7c                HAL_UART_Receive_IT
 .text.HAL_UART_TxCpltCallback
                0x08004ce0        0x4 ./system/src/stm32f4-hal/stm32f4xx_hal_uart.o
                0x08004ce0                HAL_UART_TxCpltCallback
 .text.UART_EndTransmit_IT
                0x08004ce4       0x1c ./system/src/stm32f4-hal/stm32f4xx_hal_uart.o
 .text.HAL_UART_RxCpltCallback
                0x08004d00        0x4 ./system/src/stm32f4-hal/stm32f4xx_hal_uart.o
                0x08004d00                HAL_UART_RxCpltCallback
 .text.UART_Receive_IT
                0x08004d04       0x9c ./system/src/stm32f4-hal/stm32f4xx_hal_uart.o
 .text.HAL_UART_ErrorCallback
                0x08004da0        0x4 ./system/src/stm32f4-hal/stm32f4xx_hal_uart.o
                0x08004da0                HAL_UART_ErrorCallback
 .text.HAL_UART_IRQHandler
                0x08004da4      0x100 ./system/src/stm32f4-hal/stm32f4xx_hal_uart.o
                0x08004da4                HAL_UART_IRQHandler
 .text.HAL_UART_GetState
                0x08004ea4        0xc ./system/src/stm32f4-hal/stm32f4xx_hal_uart.o
                0x08004ea4                HAL_UART_GetState
 .text.SDIO_Init
                0x08004eb0       0xcc ./system/src/stm32f4-hal/stm32f4xx_ll_sdmmc.o
                0x08004eb0                SDIO_Init
 .text.SDIO_ReadFIFO
                0x08004f7c        0x8 ./system/src/stm32f4-hal/stm32f4xx_ll_sdmmc.o
                0x08004f7c                SDIO_ReadFIFO
 .text.SDIO_WriteFIFO
                0x08004f84        0xc ./system/src/stm32f4-hal/stm32f4xx_ll_sdmmc.o
                0x08004f84                SDIO_WriteFIFO
 .text.SDIO_PowerState_ON
                0x08004f90        0x8 ./system/src/stm32f4-hal/stm32f4xx_ll_sdmmc.o
                0x08004f90                SDIO_PowerState_ON
 .text.SDIO_GetPowerState
                0x08004f98        0x8 ./system/src/stm32f4-hal/stm32f4xx_ll_sdmmc.o
                0x08004f98                SDIO_GetPowerState
 .text.SDIO_SendCommand
                0x08004fa0       0x84 ./system/src/stm32f4-hal/stm32f4xx_ll_sdmmc.o
                0x08004fa0                SDIO_SendCommand
 .text.SDIO_GetCommandResponse
                0x08005024        0x8 ./system/src/stm32f4-hal/stm32f4xx_ll_sdmmc.o
                0x08005024                SDIO_GetCommandResponse
 .text.SDIO_GetResponse
                0x0800502c       0x38 ./system/src/stm32f4-hal/stm32f4xx_ll_sdmmc.o
                0x0800502c                SDIO_GetResponse
 .text.SDIO_DataConfig
                0x08005064       0xbc ./system/src/stm32f4-hal/stm32f4xx_ll_sdmmc.o
                0x08005064                SDIO_DataConfig
 .text._exit    0x08005120        0x4 ./system/src/newlib/_exit.o
                0x08005120                _exit
 .text._sbrk    0x08005124       0x44 ./system/src/newlib/_sbrk.o
                0x08005124                _sbrk
 .text.__initialize_args
                0x08005168       0x10 ./system/src/newlib/_syscalls.o
                0x08005168                __initialize_args
 .text.trace_printf
                0x08005178       0x30 ./system/src/diag/Trace.o
                0x08005178                trace_printf
 .text._trace_write_semihosting_debug
                0x080051a8       0x64 ./system/src/diag/trace_impl.o
 .text.trace_write
                0x0800520c        0x8 ./system/src/diag/trace_impl.o
                0x0800520c                trace_write
 .text.__initialize_hardware_early
                0x08005214       0x18 ./system/src/cortexm/_initialize_hardware.o
                0x08005214                __initialize_hardware_early
 .text.dumpExceptionStack
                0x0800522c       0xf0 ./system/src/cortexm/exception_handlers.o
                0x0800522c                dumpExceptionStack
 .text.isSemihosting
                0x0800531c       0x20 ./system/src/cortexm/exception_handlers.o
                0x0800531c                isSemihosting
 .text.SystemInit
                0x0800533c       0x40 ./system/src/cmsis/system_stm32f4xx.o
                0x0800533c                SystemInit
 .text.SystemCoreClockUpdate
                0x0800537c       0x9c ./system/src/cmsis/system_stm32f4xx.o
                0x0800537c                SystemCoreClockUpdate
 .text.__initialize_hardware
                0x08005418       0x10 ./src/_initialize_hardware.o
                0x08005418                __initialize_hardware
 .text.BSP_SD_ReadBlocks
                0x08005428       0x28 ./src/bsp_driver_sd.o
                0x08005428                BSP_SD_ReadBlocks
 .text.BSP_SD_WriteBlocks
                0x08005450       0x28 ./src/bsp_driver_sd.o
                0x08005450                BSP_SD_WriteBlocks
 .text.BSP_SD_GetStatus
                0x08005478       0x10 ./src/bsp_driver_sd.o
                0x08005478                BSP_SD_GetStatus
 .text.BSP_SD_GetCardInfo
                0x08005488       0x10 ./src/bsp_driver_sd.o
                0x08005488                BSP_SD_GetCardInfo
 .text.BSP_SD_IsDetected
                0x08005498       0x10 ./src/bsp_driver_sd.o
                0x08005498                BSP_SD_IsDetected
 .text.BSP_SD_Init
                0x080054a8       0x3c ./src/bsp_driver_sd.o
                0x080054a8                BSP_SD_Init
 .text.MX_FATFS_Init
                0x080054e4       0x1c ./src/fatfs.o
                0x080054e4                MX_FATFS_Init
 .text.MX_SDIO_SD_Init
                0x08005500       0x24 ./src/main.o
 .text.MX_GPIO_Init
                0x08005524      0x1a8 ./src/main.o
 .text.command  0x080056cc      0x164 ./src/main.o
                0x080056cc                command
 .text.select_device
                0x08005830      0x100 ./src/main.o
                0x08005830                select_device
 .text.release_device
                0x08005930      0x100 ./src/main.o
                0x08005930                release_device
 .text.read_adc_brute
                0x08005a30       0xb4 ./src/main.o
                0x08005a30                read_adc_brute
 .text.send_telem
                0x08005ae4      0x4b4 ./src/main.o
                0x08005ae4                send_telem
 .text.buffer_init
                0x08005f98       0x28 ./src/main.o
                0x08005f98                buffer_init
 .text.scale_readings
                0x08005fc0      0x200 ./src/main.o
                0x08005fc0                scale_readings
 .text.serial_command
                0x080061c0      0x450 ./src/main.o
                0x080061c0                serial_command
 .text.buffer_write
                0x08006610      0x124 ./src/main.o
                0x08006610                buffer_write
 .text.setpwm   0x08006734       0x50 ./src/main.o
                0x08006734                setpwm
 .text.writeMotor
                0x08006784      0x1fc ./src/main.o
                0x08006784                writeMotor
 .text.motor_control
                0x08006980      0x114 ./src/main.o
                0x08006980                motor_control
 .text.read_thermocouples
                0x08006a94       0x48 ./src/main.o
                0x08006a94                read_thermocouples
 .text.Error_Handler
                0x08006adc        0xc ./src/main.o
                0x08006adc                Error_Handler
 .text.MX_SPI1_Init
                0x08006ae8       0x44 ./src/main.o
 .text.MX_SPI2_Init
                0x08006b2c       0x40 ./src/main.o
 .text.MX_SPI4_Init
                0x08006b6c       0x40 ./src/main.o
 .text.MX_TIM4_Init
                0x08006bac       0x5c ./src/main.o
 .text.MX_TIM5_Init
                0x08006c08       0x88 ./src/main.o
 .text.MX_TIM6_Init
                0x08006c90       0x48 ./src/main.o
 .text.MX_TIM7_Init
                0x08006cd8       0x44 ./src/main.o
 .text.MX_TIM8_Init
                0x08006d1c       0xb4 ./src/main.o
 .text.MX_TIM9_Init
                0x08006dd0       0x88 ./src/main.o
 .text.MX_TIM10_Init
                0x08006e58       0x2c ./src/main.o
 .text.MX_TIM11_Init
                0x08006e84       0x2c ./src/main.o
 .text.MX_TIM12_Init
                0x08006eb0       0x78 ./src/main.o
 .text.MX_TIM13_Init
                0x08006f28       0x58 ./src/main.o
 .text.MX_UART4_Init
                0x08006f80       0x34 ./src/main.o
 .text.MX_UART5_Init
                0x08006fb4       0x34 ./src/main.o
 .text.MX_USART1_UART_Init
                0x08006fe8       0x34 ./src/main.o
 .text.MX_TIM1_Init
                0x0800701c       0x58 ./src/main.o
 .text.MX_TIM2_Init
                0x08007074       0x5c ./src/main.o
 .text.SystemClock_Config
                0x080070d0       0xdc ./src/main.o
                0x080070d0                SystemClock_Config
 .text.main     0x080071ac      0x414 ./src/main.o
                0x080071ac                main
 .text.assert_failed
                0x080075c0        0x4 ./src/main.o
                0x080075c0                assert_failed
 .text.HAL_MspInit
                0x080075c4       0x60 ./src/stm32f4xx_hal_msp.o
                0x080075c4                HAL_MspInit
 .text.HAL_SD_MspInit
                0x08007624       0x84 ./src/stm32f4xx_hal_msp.o
                0x08007624                HAL_SD_MspInit
 .text.HAL_SPI_MspInit
                0x080076a8      0x11c ./src/stm32f4xx_hal_msp.o
                0x080076a8                HAL_SPI_MspInit
 .text.HAL_TIM_Base_MspInit
                0x080077c4      0x200 ./src/stm32f4xx_hal_msp.o
                0x080077c4                HAL_TIM_Base_MspInit
 .text.HAL_TIM_MspPostInit
                0x080079c4       0xd4 ./src/stm32f4xx_hal_msp.o
                0x080079c4                HAL_TIM_MspPostInit
 .text.HAL_UART_MspInit
                0x08007a98      0x12c ./src/stm32f4xx_hal_msp.o
                0x08007a98                HAL_UART_MspInit
 .text.NMI_Handler
                0x08007bc4        0x4 ./src/stm32f4xx_it.o
                0x08007bc4                NMI_Handler
 .text.HardFault_Handler
                0x08007bc8        0x4 ./src/stm32f4xx_it.o
                0x08007bc8                HardFault_Handler
 .text.MemManage_Handler
                0x08007bcc        0x4 ./src/stm32f4xx_it.o
                0x08007bcc                MemManage_Handler
 .text.BusFault_Handler
                0x08007bd0        0x4 ./src/stm32f4xx_it.o
                0x08007bd0                BusFault_Handler
 .text.UsageFault_Handler
                0x08007bd4        0x4 ./src/stm32f4xx_it.o
                0x08007bd4                UsageFault_Handler
 .text.SVC_Handler
                0x08007bd8        0x4 ./src/stm32f4xx_it.o
                0x08007bd8                SVC_Handler
 .text.DebugMon_Handler
                0x08007bdc        0x4 ./src/stm32f4xx_it.o
                0x08007bdc                DebugMon_Handler
 .text.PendSV_Handler
                0x08007be0        0x4 ./src/stm32f4xx_it.o
                0x08007be0                PendSV_Handler
 .text.SysTick_Handler
                0x08007be4        0xc ./src/stm32f4xx_it.o
                0x08007be4                SysTick_Handler
 .text.TIM1_UP_TIM10_IRQHandler
                0x08007bf0       0x24 ./src/stm32f4xx_it.o
                0x08007bf0                TIM1_UP_TIM10_IRQHandler
 .text.TIM4_IRQHandler
                0x08007c14       0x18 ./src/stm32f4xx_it.o
                0x08007c14                TIM4_IRQHandler
 .text.USART1_IRQHandler
                0x08007c2c       0x30 ./src/stm32f4xx_it.o
                0x08007c2c                USART1_IRQHandler
 .text.UART4_IRQHandler
                0x08007c5c       0x30 ./src/stm32f4xx_it.o
                0x08007c5c                UART4_IRQHandler
 .text.UART5_IRQHandler
                0x08007c8c       0x30 ./src/stm32f4xx_it.o
                0x08007c8c                UART5_IRQHandler
 .text.TIM6_DAC_IRQHandler
                0x08007cbc       0x18 ./src/stm32f4xx_it.o
                0x08007cbc                TIM6_DAC_IRQHandler
 .text.TIM7_IRQHandler
                0x08007cd4       0x18 ./src/stm32f4xx_it.o
                0x08007cd4                TIM7_IRQHandler
 .text.FATFS_LinkDriverEx
                0x08007cec       0x4c ./include/ff_gen_drv.o
                0x08007cec                FATFS_LinkDriverEx
 .text.FATFS_LinkDriver
                0x08007d38        0xc ./include/ff_gen_drv.o
                0x08007d38                FATFS_LinkDriver
 .text.SD_initialize
                0x08007d44       0x24 ./include/sd_diskio.o
                0x08007d44                SD_initialize
 .text.SD_status
                0x08007d68       0x24 ./include/sd_diskio.o
                0x08007d68                SD_status
 .text.SD_read  0x08007d8c       0x20 ./include/sd_diskio.o
                0x08007d8c                SD_read
 .text.SD_write
                0x08007dac       0x20 ./include/sd_diskio.o
                0x08007dac                SD_write
 .text.SD_ioctl
                0x08007dcc       0x5c ./include/sd_diskio.o
                0x08007dcc                SD_ioctl
 .text          0x08007e28      0x370 c:/program files (x86)/gnu tools arm embedded/5.4 2016q2/bin/../lib/gcc/arm-none-eabi/5.4.1/armv7e-m\libgcc.a(_arm_addsubdf3.o)
                0x08007e28                __aeabi_drsub
                0x08007e30                __aeabi_dsub
                0x08007e30                __subdf3
                0x08007e34                __aeabi_dadd
                0x08007e34                __adddf3
                0x080080ac                __floatunsidf
                0x080080ac                __aeabi_ui2d
                0x080080cc                __floatsidf
                0x080080cc                __aeabi_i2d
                0x080080f0                __aeabi_f2d
                0x080080f0                __extendsfdf2
                0x0800812c                __floatundidf
                0x0800812c                __aeabi_ul2d
                0x0800813c                __floatdidf
                0x0800813c                __aeabi_l2d
 .text          0x08008198      0x424 c:/program files (x86)/gnu tools arm embedded/5.4 2016q2/bin/../lib/gcc/arm-none-eabi/5.4.1/armv7e-m\libgcc.a(_arm_muldivdf3.o)
                0x08008198                __aeabi_dmul
                0x08008198                __muldf3
                0x080083ec                __divdf3
                0x080083ec                __aeabi_ddiv
 .text          0x080085bc       0xa0 c:/program files (x86)/gnu tools arm embedded/5.4 2016q2/bin/../lib/gcc/arm-none-eabi/5.4.1/armv7e-m\libgcc.a(_arm_truncdfsf2.o)
                0x080085bc                __truncdfsf2
                0x080085bc                __aeabi_d2f
 .text          0x0800865c      0x21c c:/program files (x86)/gnu tools arm embedded/5.4 2016q2/bin/../lib/gcc/arm-none-eabi/5.4.1/armv7e-m\libgcc.a(_arm_addsubsf3.o)
                0x0800865c                __aeabi_frsub
                0x08008664                __subsf3
                0x08008664                __aeabi_fsub
                0x08008668                __aeabi_fadd
                0x08008668                __addsf3
                0x080087c8                __aeabi_ui2f
                0x080087c8                __floatunsisf
                0x080087d0                __aeabi_i2f
                0x080087d0                __floatsisf
                0x080087ec                __aeabi_ul2f
                0x080087ec                __floatundisf
                0x080087fc                __aeabi_l2f
                0x080087fc                __floatdisf
 .text          0x08008878      0x2a0 c:/program files (x86)/gnu tools arm embedded/5.4 2016q2/bin/../lib/gcc/arm-none-eabi/5.4.1/armv7e-m\libgcc.a(_arm_muldivsf3.o)
                0x08008878                __mulsf3
                0x08008878                __aeabi_fmul
                0x080089e0                __aeabi_fdiv
                0x080089e0                __divsf3
 .text          0x08008b18       0xec c:/program files (x86)/gnu tools arm embedded/5.4 2016q2/bin/../lib/gcc/arm-none-eabi/5.4.1/armv7e-m\libgcc.a(_arm_cmpsf2.o)
                0x08008b18                __gesf2
                0x08008b18                __gtsf2
                0x08008b20                __lesf2
                0x08008b20                __ltsf2
                0x08008b28                __nesf2
                0x08008b28                __eqsf2
                0x08008b28                __cmpsf2
                0x08008b88                __aeabi_cfrcmple
                0x08008b90                __aeabi_cfcmpeq
                0x08008b90                __aeabi_cfcmple
                0x08008ba0                __aeabi_fcmpeq
                0x08008bb4                __aeabi_fcmplt
                0x08008bc8                __aeabi_fcmple
                0x08008bdc                __aeabi_fcmpge
                0x08008bf0                __aeabi_fcmpgt
 .text          0x08008c04       0x4c c:/program files (x86)/gnu tools arm embedded/5.4 2016q2/bin/../lib/gcc/arm-none-eabi/5.4.1/armv7e-m\libgcc.a(_arm_fixsfsi.o)
                0x08008c04                __aeabi_f2iz
                0x08008c04                __fixsfsi
 .text.abs      0x08008c50        0x8 c:/program files (x86)/gnu tools arm embedded/5.4 2016q2/bin/../lib/gcc/arm-none-eabi/5.4.1/../../../../arm-none-eabi/lib/armv7e-m\libg_nano.a(lib_a-abs.o)
                0x08008c50                abs
 .text.atoi     0x08008c58        0x8 c:/program files (x86)/gnu tools arm embedded/5.4 2016q2/bin/../lib/gcc/arm-none-eabi/5.4.1/../../../../arm-none-eabi/lib/armv7e-m\libg_nano.a(lib_a-atoi.o)
                0x08008c58                atoi
 .text.__errno  0x08008c60        0xc c:/program files (x86)/gnu tools arm embedded/5.4 2016q2/bin/../lib/gcc/arm-none-eabi/5.4.1/../../../../arm-none-eabi/lib/armv7e-m\libg_nano.a(lib_a-errno.o)
                0x08008c60                __errno
 .text.memset   0x08008c6c       0x10 c:/program files (x86)/gnu tools arm embedded/5.4 2016q2/bin/../lib/gcc/arm-none-eabi/5.4.1/../../../../arm-none-eabi/lib/armv7e-m\libg_nano.a(lib_a-memset.o)
                0x08008c6c                memset
 .text.__cvt    0x08008c7c       0xbe c:/program files (x86)/gnu tools arm embedded/5.4 2016q2/bin/../lib/gcc/arm-none-eabi/5.4.1/../../../../arm-none-eabi/lib/armv7e-m\libg_nano.a(lib_a-nano-vfprintf_float.o)
                0x08008c7c                __cvt
 .text.__exponent
                0x08008d3a       0x60 c:/program files (x86)/gnu tools arm embedded/5.4 2016q2/bin/../lib/gcc/arm-none-eabi/5.4.1/../../../../arm-none-eabi/lib/armv7e-m\libg_nano.a(lib_a-nano-vfprintf_float.o)
                0x08008d3a                __exponent
 *fill*         0x08008d9a        0x2 
 .text._printf_float
                0x08008d9c      0x488 c:/program files (x86)/gnu tools arm embedded/5.4 2016q2/bin/../lib/gcc/arm-none-eabi/5.4.1/../../../../arm-none-eabi/lib/armv7e-m\libg_nano.a(lib_a-nano-vfprintf_float.o)
                0x08008d9c                _printf_float
 .text._printf_common
                0x08009224       0xec c:/program files (x86)/gnu tools arm embedded/5.4 2016q2/bin/../lib/gcc/arm-none-eabi/5.4.1/../../../../arm-none-eabi/lib/armv7e-m\libg_nano.a(lib_a-nano-vfprintf_i.o)
                0x08009224                _printf_common
 .text._printf_i
                0x08009310      0x24c c:/program files (x86)/gnu tools arm embedded/5.4 2016q2/bin/../lib/gcc/arm-none-eabi/5.4.1/../../../../arm-none-eabi/lib/armv7e-m\libg_nano.a(lib_a-nano-vfprintf_i.o)
                0x08009310                _printf_i
 .text.snprintf
                0x0800955c       0x64 c:/program files (x86)/gnu tools arm embedded/5.4 2016q2/bin/../lib/gcc/arm-none-eabi/5.4.1/../../../../arm-none-eabi/lib/armv7e-m\libg_nano.a(lib_a-snprintf.o)
                0x0800955c                sniprintf
                0x0800955c                snprintf
 .text          0x080095c0       0x14 c:/program files (x86)/gnu tools arm embedded/5.4 2016q2/bin/../lib/gcc/arm-none-eabi/5.4.1/../../../../arm-none-eabi/lib/armv7e-m\libg_nano.a(lib_a-strcmp.o)
                0x080095c0                strcmp
 .text.strcpy   0x080095d4       0x10 c:/program files (x86)/gnu tools arm embedded/5.4 2016q2/bin/../lib/gcc/arm-none-eabi/5.4.1/../../../../arm-none-eabi/lib/armv7e-m\libg_nano.a(lib_a-strcpy.o)
                0x080095d4                strcpy
 .text          0x080095e4       0x10 c:/program files (x86)/gnu tools arm embedded/5.4 2016q2/bin/../lib/gcc/arm-none-eabi/5.4.1/../../../../arm-none-eabi/lib/armv7e-m\libg_nano.a(lib_a-strlen.o)
                0x080095e4                strlen
 .text.sulp     0x080095f4       0x42 c:/program files (x86)/gnu tools arm embedded/5.4 2016q2/bin/../lib/gcc/arm-none-eabi/5.4.1/../../../../arm-none-eabi/lib/armv7e-m\libg_nano.a(lib_a-strtod.o)
 *fill*         0x08009636        0x2 
 .text._strtod_r
                0x08009638      0xbf8 c:/program files (x86)/gnu tools arm embedded/5.4 2016q2/bin/../lib/gcc/arm-none-eabi/5.4.1/../../../../arm-none-eabi/lib/armv7e-m\libg_nano.a(lib_a-strtod.o)
                0x08009638                _strtod_r
 .text.strtof   0x0800a230       0x34 c:/program files (x86)/gnu tools arm embedded/5.4 2016q2/bin/../lib/gcc/arm-none-eabi/5.4.1/../../../../arm-none-eabi/lib/armv7e-m\libg_nano.a(lib_a-strtod.o)
                0x0800a230                strtof
 .text.strtok   0x0800a264       0x64 c:/program files (x86)/gnu tools arm embedded/5.4 2016q2/bin/../lib/gcc/arm-none-eabi/5.4.1/../../../../arm-none-eabi/lib/armv7e-m\libg_nano.a(lib_a-strtok.o)
                0x0800a264                strtok
 .text.__strtok_r
                0x0800a2c8       0x56 c:/program files (x86)/gnu tools arm embedded/5.4 2016q2/bin/../lib/gcc/arm-none-eabi/5.4.1/../../../../arm-none-eabi/lib/armv7e-m\libg_nano.a(lib_a-strtok_r.o)
                0x0800a2c8                __strtok_r
 *fill*         0x0800a31e        0x2 
 .text._strtol_r
                0x0800a320      0x10c c:/program files (x86)/gnu tools arm embedded/5.4 2016q2/bin/../lib/gcc/arm-none-eabi/5.4.1/../../../../arm-none-eabi/lib/armv7e-m\libg_nano.a(lib_a-strtol.o)
                0x0800a320                _strtol_r
 .text.strtol   0x0800a42c       0x14 c:/program files (x86)/gnu tools arm embedded/5.4 2016q2/bin/../lib/gcc/arm-none-eabi/5.4.1/../../../../arm-none-eabi/lib/armv7e-m\libg_nano.a(lib_a-strtol.o)
                0x0800a42c                strtol
 .text._vsnprintf_r
                0x0800a440       0x56 c:/program files (x86)/gnu tools arm embedded/5.4 2016q2/bin/../lib/gcc/arm-none-eabi/5.4.1/../../../../arm-none-eabi/lib/armv7e-m\libg_nano.a(lib_a-vsnprintf.o)
                0x0800a440                _vsniprintf_r
                0x0800a440                _vsnprintf_r
 *fill*         0x0800a496        0x2 
 .text.vsnprintf
                0x0800a498       0x1c c:/program files (x86)/gnu tools arm embedded/5.4 2016q2/bin/../lib/gcc/arm-none-eabi/5.4.1/../../../../arm-none-eabi/lib/armv7e-m\libg_nano.a(lib_a-vsnprintf.o)
                0x0800a498                vsniprintf
                0x0800a498                vsnprintf
 .text.quorem   0x0800a4b4      0x11e c:/program files (x86)/gnu tools arm embedded/5.4 2016q2/bin/../lib/gcc/arm-none-eabi/5.4.1/../../../../arm-none-eabi/lib/armv7e-m\libg_nano.a(lib_a-dtoa.o)
 *fill*         0x0800a5d2        0x6 
 .text._dtoa_r  0x0800a5d8      0xb38 c:/program files (x86)/gnu tools arm embedded/5.4 2016q2/bin/../lib/gcc/arm-none-eabi/5.4.1/../../../../arm-none-eabi/lib/armv7e-m\libg_nano.a(lib_a-dtoa.o)
                0x0800a5d8                _dtoa_r
 .text.rshift   0x0800b110       0x6c c:/program files (x86)/gnu tools arm embedded/5.4 2016q2/bin/../lib/gcc/arm-none-eabi/5.4.1/../../../../arm-none-eabi/lib/armv7e-m\libg_nano.a(lib_a-gdtoa-gethex.o)
 .text.__hexdig_fun
                0x0800b17c       0x2a c:/program files (x86)/gnu tools arm embedded/5.4 2016q2/bin/../lib/gcc/arm-none-eabi/5.4.1/../../../../arm-none-eabi/lib/armv7e-m\libg_nano.a(lib_a-gdtoa-gethex.o)
                0x0800b17c                __hexdig_fun
 .text.__gethex
                0x0800b1a6      0x43e c:/program files (x86)/gnu tools arm embedded/5.4 2016q2/bin/../lib/gcc/arm-none-eabi/5.4.1/../../../../arm-none-eabi/lib/armv7e-m\libg_nano.a(lib_a-gdtoa-gethex.o)
                0x0800b1a6                __gethex
 .text.L_shift  0x0800b5e4       0x24 c:/program files (x86)/gnu tools arm embedded/5.4 2016q2/bin/../lib/gcc/arm-none-eabi/5.4.1/../../../../arm-none-eabi/lib/armv7e-m\libg_nano.a(lib_a-gdtoa-hexnan.o)
 .text.__match  0x0800b608       0x26 c:/program files (x86)/gnu tools arm embedded/5.4 2016q2/bin/../lib/gcc/arm-none-eabi/5.4.1/../../../../arm-none-eabi/lib/armv7e-m\libg_nano.a(lib_a-gdtoa-hexnan.o)
                0x0800b608                __match
 .text.__hexnan
                0x0800b62e      0x11c c:/program files (x86)/gnu tools arm embedded/5.4 2016q2/bin/../lib/gcc/arm-none-eabi/5.4.1/../../../../arm-none-eabi/lib/armv7e-m\libg_nano.a(lib_a-gdtoa-hexnan.o)
                0x0800b62e                __hexnan
 *fill*         0x0800b74a        0x2 
 .text._localeconv_r
                0x0800b74c        0x8 c:/program files (x86)/gnu tools arm embedded/5.4 2016q2/bin/../lib/gcc/arm-none-eabi/5.4.1/../../../../arm-none-eabi/lib/armv7e-m\libg_nano.a(lib_a-locale.o)
                0x0800b74c                _localeconv_r
 .text.malloc   0x0800b754       0x10 c:/program files (x86)/gnu tools arm embedded/5.4 2016q2/bin/../lib/gcc/arm-none-eabi/5.4.1/../../../../arm-none-eabi/lib/armv7e-m\libg_nano.a(lib_a-malloc.o)
                0x0800b754                malloc
 *fill*         0x0800b764        0xc 
 .text          0x0800b770       0xa0 c:/program files (x86)/gnu tools arm embedded/5.4 2016q2/bin/../lib/gcc/arm-none-eabi/5.4.1/../../../../arm-none-eabi/lib/armv7e-m\libg_nano.a(lib_a-memchr.o)
                0x0800b770                memchr
 .text.memcpy   0x0800b810       0x16 c:/program files (x86)/gnu tools arm embedded/5.4 2016q2/bin/../lib/gcc/arm-none-eabi/5.4.1/../../../../arm-none-eabi/lib/armv7e-m\libg_nano.a(lib_a-memcpy-stub.o)
                0x0800b810                memcpy
 .text._Balloc  0x0800b826       0x6a c:/program files (x86)/gnu tools arm embedded/5.4 2016q2/bin/../lib/gcc/arm-none-eabi/5.4.1/../../../../arm-none-eabi/lib/armv7e-m\libg_nano.a(lib_a-mprec.o)
                0x0800b826                _Balloc
 .text._Bfree   0x0800b890       0x2e c:/program files (x86)/gnu tools arm embedded/5.4 2016q2/bin/../lib/gcc/arm-none-eabi/5.4.1/../../../../arm-none-eabi/lib/armv7e-m\libg_nano.a(lib_a-mprec.o)
                0x0800b890                _Bfree
 .text.__multadd
                0x0800b8be       0x76 c:/program files (x86)/gnu tools arm embedded/5.4 2016q2/bin/../lib/gcc/arm-none-eabi/5.4.1/../../../../arm-none-eabi/lib/armv7e-m\libg_nano.a(lib_a-mprec.o)
                0x0800b8be                __multadd
 .text.__s2b    0x0800b934       0x7c c:/program files (x86)/gnu tools arm embedded/5.4 2016q2/bin/../lib/gcc/arm-none-eabi/5.4.1/../../../../arm-none-eabi/lib/armv7e-m\libg_nano.a(lib_a-mprec.o)
                0x0800b934                __s2b
 .text.__hi0bits
                0x0800b9b0       0x40 c:/program files (x86)/gnu tools arm embedded/5.4 2016q2/bin/../lib/gcc/arm-none-eabi/5.4.1/../../../../arm-none-eabi/lib/armv7e-m\libg_nano.a(lib_a-mprec.o)
                0x0800b9b0                __hi0bits
 .text.__lo0bits
                0x0800b9f0       0x5a c:/program files (x86)/gnu tools arm embedded/5.4 2016q2/bin/../lib/gcc/arm-none-eabi/5.4.1/../../../../arm-none-eabi/lib/armv7e-m\libg_nano.a(lib_a-mprec.o)
                0x0800b9f0                __lo0bits
 .text.__i2b    0x0800ba4a       0x12 c:/program files (x86)/gnu tools arm embedded/5.4 2016q2/bin/../lib/gcc/arm-none-eabi/5.4.1/../../../../arm-none-eabi/lib/armv7e-m\libg_nano.a(lib_a-mprec.o)
                0x0800ba4a                __i2b
 .text.__multiply
                0x0800ba5c      0x122 c:/program files (x86)/gnu tools arm embedded/5.4 2016q2/bin/../lib/gcc/arm-none-eabi/5.4.1/../../../../arm-none-eabi/lib/armv7e-m\libg_nano.a(lib_a-mprec.o)
                0x0800ba5c                __multiply
 *fill*         0x0800bb7e        0x2 
 .text.__pow5mult
                0x0800bb80       0x9c c:/program files (x86)/gnu tools arm embedded/5.4 2016q2/bin/../lib/gcc/arm-none-eabi/5.4.1/../../../../arm-none-eabi/lib/armv7e-m\libg_nano.a(lib_a-mprec.o)
                0x0800bb80                __pow5mult
 .text.__lshift
                0x0800bc1c       0xa2 c:/program files (x86)/gnu tools arm embedded/5.4 2016q2/bin/../lib/gcc/arm-none-eabi/5.4.1/../../../../arm-none-eabi/lib/armv7e-m\libg_nano.a(lib_a-mprec.o)
                0x0800bc1c                __lshift
 .text.__mcmp   0x0800bcbe       0x38 c:/program files (x86)/gnu tools arm embedded/5.4 2016q2/bin/../lib/gcc/arm-none-eabi/5.4.1/../../../../arm-none-eabi/lib/armv7e-m\libg_nano.a(lib_a-mprec.o)
                0x0800bcbe                __mcmp
 .text.__mdiff  0x0800bcf6       0xbe c:/program files (x86)/gnu tools arm embedded/5.4 2016q2/bin/../lib/gcc/arm-none-eabi/5.4.1/../../../../arm-none-eabi/lib/armv7e-m\libg_nano.a(lib_a-mprec.o)
                0x0800bcf6                __mdiff
 .text.__ulp    0x0800bdb4       0x48 c:/program files (x86)/gnu tools arm embedded/5.4 2016q2/bin/../lib/gcc/arm-none-eabi/5.4.1/../../../../arm-none-eabi/lib/armv7e-m\libg_nano.a(lib_a-mprec.o)
                0x0800bdb4                __ulp
 .text.__b2d    0x0800bdfc       0x9a c:/program files (x86)/gnu tools arm embedded/5.4 2016q2/bin/../lib/gcc/arm-none-eabi/5.4.1/../../../../arm-none-eabi/lib/armv7e-m\libg_nano.a(lib_a-mprec.o)
                0x0800bdfc                __b2d
 .text.__d2b    0x0800be96       0x9c c:/program files (x86)/gnu tools arm embedded/5.4 2016q2/bin/../lib/gcc/arm-none-eabi/5.4.1/../../../../arm-none-eabi/lib/armv7e-m\libg_nano.a(lib_a-mprec.o)
                0x0800be96                __d2b
 .text.__ratio  0x0800bf32       0x52 c:/program files (x86)/gnu tools arm embedded/5.4 2016q2/bin/../lib/gcc/arm-none-eabi/5.4.1/../../../../arm-none-eabi/lib/armv7e-m\libg_nano.a(lib_a-mprec.o)
                0x0800bf32                __ratio
 .text.__copybits
                0x0800bf84       0x34 c:/program files (x86)/gnu tools arm embedded/5.4 2016q2/bin/../lib/gcc/arm-none-eabi/5.4.1/../../../../arm-none-eabi/lib/armv7e-m\libg_nano.a(lib_a-mprec.o)
                0x0800bf84                __copybits
 .text.__any_on
                0x0800bfb8       0x44 c:/program files (x86)/gnu tools arm embedded/5.4 2016q2/bin/../lib/gcc/arm-none-eabi/5.4.1/../../../../arm-none-eabi/lib/armv7e-m\libg_nano.a(lib_a-mprec.o)
                0x0800bfb8                __any_on
 .text._calloc_r
                0x0800bffc       0x1c c:/program files (x86)/gnu tools arm embedded/5.4 2016q2/bin/../lib/gcc/arm-none-eabi/5.4.1/../../../../arm-none-eabi/lib/armv7e-m\libg_nano.a(lib_a-nano-callocr.o)
                0x0800bffc                _calloc_r
 .text._free_r  0x0800c018       0x9c c:/program files (x86)/gnu tools arm embedded/5.4 2016q2/bin/../lib/gcc/arm-none-eabi/5.4.1/../../../../arm-none-eabi/lib/armv7e-m\libg_nano.a(lib_a-nano-freer.o)
                0x0800c018                _free_r
 .text._malloc_r
                0x0800c0b4       0xbc c:/program files (x86)/gnu tools arm embedded/5.4 2016q2/bin/../lib/gcc/arm-none-eabi/5.4.1/../../../../arm-none-eabi/lib/armv7e-m\libg_nano.a(lib_a-nano-mallocr.o)
                0x0800c0b4                _malloc_r
 .text.__ssputs_r
                0x0800c170       0xb2 c:/program files (x86)/gnu tools arm embedded/5.4 2016q2/bin/../lib/gcc/arm-none-eabi/5.4.1/../../../../arm-none-eabi/lib/armv7e-m\libg_nano.a(lib_a-nano-svfprintf.o)
                0x0800c170                __ssputs_r
 *fill*         0x0800c222        0x2 
 .text._svfprintf_r
                0x0800c224      0x1e8 c:/program files (x86)/gnu tools arm embedded/5.4 2016q2/bin/../lib/gcc/arm-none-eabi/5.4.1/../../../../arm-none-eabi/lib/armv7e-m\libg_nano.a(lib_a-nano-svfprintf.o)
                0x0800c224                _svfiprintf_r
                0x0800c224                _svfprintf_r
 .text._sbrk_r  0x0800c40c       0x20 c:/program files (x86)/gnu tools arm embedded/5.4 2016q2/bin/../lib/gcc/arm-none-eabi/5.4.1/../../../../arm-none-eabi/lib/armv7e-m\libg_nano.a(lib_a-sbrkr.o)
                0x0800c40c                _sbrk_r
 .text.nanf     0x0800c42c        0x8 c:/program files (x86)/gnu tools arm embedded/5.4 2016q2/bin/../lib/gcc/arm-none-eabi/5.4.1/../../../../arm-none-eabi/lib/armv7e-m\libg_nano.a(lib_a-sf_nan.o)
                0x0800c42c                nanf
 .text.strncmp  0x0800c434       0x2a c:/program files (x86)/gnu tools arm embedded/5.4 2016q2/bin/../lib/gcc/arm-none-eabi/5.4.1/../../../../arm-none-eabi/lib/armv7e-m\libg_nano.a(lib_a-strncmp.o)
                0x0800c434                strncmp
 .text.memmove  0x0800c45e       0x36 c:/program files (x86)/gnu tools arm embedded/5.4 2016q2/bin/../lib/gcc/arm-none-eabi/5.4.1/../../../../arm-none-eabi/lib/armv7e-m\libg_nano.a(lib_a-memmove.o)
                0x0800c45e                memmove
 .text.__malloc_lock
                0x0800c494        0x2 c:/program files (x86)/gnu tools arm embedded/5.4 2016q2/bin/../lib/gcc/arm-none-eabi/5.4.1/../../../../arm-none-eabi/lib/armv7e-m\libg_nano.a(lib_a-mlock.o)
                0x0800c494                __malloc_lock
 .text.__malloc_unlock
                0x0800c496        0x2 c:/program files (x86)/gnu tools arm embedded/5.4 2016q2/bin/../lib/gcc/arm-none-eabi/5.4.1/../../../../arm-none-eabi/lib/armv7e-m\libg_nano.a(lib_a-mlock.o)
                0x0800c496                __malloc_unlock
 .text._realloc_r
                0x0800c498       0x4c c:/program files (x86)/gnu tools arm embedded/5.4 2016q2/bin/../lib/gcc/arm-none-eabi/5.4.1/../../../../arm-none-eabi/lib/armv7e-m\libg_nano.a(lib_a-nano-reallocr.o)
                0x0800c498                _realloc_r
 .text._malloc_usable_size_r
                0x0800c4e4       0x14 c:/program files (x86)/gnu tools arm embedded/5.4 2016q2/bin/../lib/gcc/arm-none-eabi/5.4.1/../../../../arm-none-eabi/lib/armv7e-m\libg_nano.a(lib_a-nano-msizer.o)
                0x0800c4e4                _malloc_usable_size_r
 .text          0x0800c4f8      0x110 c:/program files (x86)/gnu tools arm embedded/5.4 2016q2/bin/../lib/gcc/arm-none-eabi/5.4.1/armv7e-m\libgcc.a(_arm_cmpdf2.o)
                0x0800c4f8                __gtdf2
                0x0800c4f8                __gedf2
                0x0800c500                __ltdf2
                0x0800c500                __ledf2
                0x0800c508                __nedf2
                0x0800c508                __eqdf2
                0x0800c508                __cmpdf2
                0x0800c584                __aeabi_cdrcmple
                0x0800c594                __aeabi_cdcmpeq
                0x0800c594                __aeabi_cdcmple
                0x0800c5a4                __aeabi_dcmpeq
                0x0800c5b8                __aeabi_dcmplt
                0x0800c5cc                __aeabi_dcmple
                0x0800c5e0                __aeabi_dcmpge
                0x0800c5f4                __aeabi_dcmpgt
 .text          0x0800c608       0x2c c:/program files (x86)/gnu tools arm embedded/5.4 2016q2/bin/../lib/gcc/arm-none-eabi/5.4.1/armv7e-m\libgcc.a(_arm_unorddf2.o)
                0x0800c608                __unorddf2
                0x0800c608                __aeabi_dcmpun
 .text          0x0800c634       0x50 c:/program files (x86)/gnu tools arm embedded/5.4 2016q2/bin/../lib/gcc/arm-none-eabi/5.4.1/armv7e-m\libgcc.a(_arm_fixdfsi.o)
                0x0800c634                __aeabi_d2iz
                0x0800c634                __fixdfsi
 .text          0x0800c684       0x40 c:/program files (x86)/gnu tools arm embedded/5.4 2016q2/bin/../lib/gcc/arm-none-eabi/5.4.1/armv7e-m\libgcc.a(_arm_fixunsdfsi.o)
                0x0800c684                __aeabi_d2uiz
                0x0800c684                __fixunsdfsi
 *(.rodata .rodata.* .constdata .constdata.*)
 .rodata.str1.4
                0x0800c6c4       0x31 ./system/src/stm32f4-hal/stm32f4xx_hal_cortex.o
 *fill*         0x0800c6f5        0x3 
 .rodata.str1.4
                0x0800c6f8       0x2f ./system/src/stm32f4-hal/stm32f4xx_hal_gpio.o
 *fill*         0x0800c727        0x1 
 .rodata.APBAHBPrescTable
                0x0800c728       0x10 ./system/src/stm32f4-hal/stm32f4xx_hal_rcc.o
                0x0800c728                APBAHBPrescTable
 .rodata.str1.4
                0x0800c738       0x2e ./system/src/stm32f4-hal/stm32f4xx_hal_rcc.o
                                 0x32 (size before relaxing)
 *fill*         0x0800c766        0x2 
 .rodata.str1.4
                0x0800c768       0x31 ./system/src/stm32f4-hal/stm32f4xx_hal_rcc_ex.o
 *fill*         0x0800c799        0x3 
 .rodata.str1.4
                0x0800c79c       0x2e ./system/src/stm32f4-hal/stm32f4xx_hal_spi.o
 *fill*         0x0800c7ca        0x2 
 .rodata.str1.4
                0x0800c7cc       0x2e ./system/src/stm32f4-hal/stm32f4xx_hal_tim.o
 *fill*         0x0800c7fa        0x2 
 .rodata.str1.4
                0x0800c7fc       0x31 ./system/src/stm32f4-hal/stm32f4xx_hal_tim_ex.o
 *fill*         0x0800c82d        0x3 
 .rodata.str1.4
                0x0800c830       0x2f ./system/src/stm32f4-hal/stm32f4xx_hal_uart.o
 *fill*         0x0800c85f        0x1 
 .rodata.str1.4
                0x0800c860       0x2f ./system/src/stm32f4-hal/stm32f4xx_ll_sdmmc.o
 *fill*         0x0800c88f        0x1 
 .rodata.str1.4
                0x0800c890      0x146 ./system/src/cortexm/exception_handlers.o
 *fill*         0x0800c9d6        0x2 
 .rodata.AHBPrescTable
                0x0800c9d8       0x10 ./system/src/cmsis/system_stm32f4xx.o
                0x0800c9d8                AHBPrescTable
 .rodata.pot_polarity
                0x0800c9e8       0x10 ./src/main.o
                0x0800c9e8                pot_polarity
 .rodata.str1.4
                0x0800c9f8      0x33c ./src/main.o
                                0x342 (size before relaxing)
 .rodata.motor_pot_slope
                0x0800cd34       0x10 ./src/main.o
                0x0800cd34                motor_pot_slope
 .rodata.SD_Driver
                0x0800cd44       0x14 ./include/sd_diskio.o
                0x0800cd44                SD_Driver
 .rodata.str1.1
                0x0800cd58        0x2 c:/program files (x86)/gnu tools arm embedded/5.4 2016q2/bin/../lib/gcc/arm-none-eabi/5.4.1/../../../../arm-none-eabi/lib/armv7e-m\libg_nano.a(lib_a-impure.o)
 .rodata.str1.1
                0x0800cd5a       0x12 c:/program files (x86)/gnu tools arm embedded/5.4 2016q2/bin/../lib/gcc/arm-none-eabi/5.4.1/../../../../arm-none-eabi/lib/armv7e-m\libg_nano.a(lib_a-nano-vfprintf_float.o)
 .rodata.str1.1
                0x0800cd6c       0x22 c:/program files (x86)/gnu tools arm embedded/5.4 2016q2/bin/../lib/gcc/arm-none-eabi/5.4.1/../../../../arm-none-eabi/lib/armv7e-m\libg_nano.a(lib_a-nano-vfprintf_i.o)
 *fill*         0x0800cd8e        0x2 
 .rodata.fpinan.5401
                0x0800cd90       0x14 c:/program files (x86)/gnu tools arm embedded/5.4 2016q2/bin/../lib/gcc/arm-none-eabi/5.4.1/../../../../arm-none-eabi/lib/armv7e-m\libg_nano.a(lib_a-strtod.o)
 .rodata.str1.1
                0x0800cda4       0x22 c:/program files (x86)/gnu tools arm embedded/5.4 2016q2/bin/../lib/gcc/arm-none-eabi/5.4.1/../../../../arm-none-eabi/lib/armv7e-m\libg_nano.a(lib_a-strtod.o)
                                  0xc (size before relaxing)
 .rodata.fpi.5365
                0x0800cda4       0x14 c:/program files (x86)/gnu tools arm embedded/5.4 2016q2/bin/../lib/gcc/arm-none-eabi/5.4.1/../../../../arm-none-eabi/lib/armv7e-m\libg_nano.a(lib_a-strtod.o)
 .rodata.tinytens
                0x0800cdb8       0x28 c:/program files (x86)/gnu tools arm embedded/5.4 2016q2/bin/../lib/gcc/arm-none-eabi/5.4.1/../../../../arm-none-eabi/lib/armv7e-m\libg_nano.a(lib_a-strtod.o)
 .rodata._ctype_
                0x0800cde0      0x101 c:/program files (x86)/gnu tools arm embedded/5.4 2016q2/bin/../lib/gcc/arm-none-eabi/5.4.1/../../../../arm-none-eabi/lib/armv7e-m\libg_nano.a(lib_a-ctype_.o)
                0x0800cde0                _ctype_
 .rodata.str1.1
                0x0800cee1        0xd c:/program files (x86)/gnu tools arm embedded/5.4 2016q2/bin/../lib/gcc/arm-none-eabi/5.4.1/../../../../arm-none-eabi/lib/armv7e-m\libg_nano.a(lib_a-dtoa.o)
                                  0xf (size before relaxing)
 .rodata.str1.1
                0x0800ceee        0x8 c:/program files (x86)/gnu tools arm embedded/5.4 2016q2/bin/../lib/gcc/arm-none-eabi/5.4.1/../../../../arm-none-eabi/lib/armv7e-m\libg_nano.a(lib_a-locale.o)
                                  0xb (size before relaxing)
 *fill*         0x0800cef6        0x2 
 .rodata.__mprec_tens
                0x0800cef8       0xc8 c:/program files (x86)/gnu tools arm embedded/5.4 2016q2/bin/../lib/gcc/arm-none-eabi/5.4.1/../../../../arm-none-eabi/lib/armv7e-m\libg_nano.a(lib_a-mprec.o)
                0x0800cef8                __mprec_tens
 .rodata.p05.5408
                0x0800cfc0        0xc c:/program files (x86)/gnu tools arm embedded/5.4 2016q2/bin/../lib/gcc/arm-none-eabi/5.4.1/../../../../arm-none-eabi/lib/armv7e-m\libg_nano.a(lib_a-mprec.o)
 *fill*         0x0800cfcc        0x4 
 .rodata.__mprec_bigtens
                0x0800cfd0       0x28 c:/program files (x86)/gnu tools arm embedded/5.4 2016q2/bin/../lib/gcc/arm-none-eabi/5.4.1/../../../../arm-none-eabi/lib/armv7e-m\libg_nano.a(lib_a-mprec.o)
                0x0800cfd0                __mprec_bigtens
 .rodata.str1.1
                0x0800cff8       0x11 c:/program files (x86)/gnu tools arm embedded/5.4 2016q2/bin/../lib/gcc/arm-none-eabi/5.4.1/../../../../arm-none-eabi/lib/armv7e-m\libg_nano.a(lib_a-nano-svfprintf.o)
 *(vtable)
 *(.eh_frame*)
 *(.glue_7)
 .glue_7        0x0800d009        0x0 linker stubs
 *(.glue_7t)
 .glue_7t       0x0800d009        0x0 linker stubs

.vfp11_veneer   0x0800d00c        0x0
 .vfp11_veneer  0x0800d00c        0x0 linker stubs

.v4_bx          0x0800d00c        0x0
 .v4_bx         0x0800d00c        0x0 linker stubs

.iplt           0x0800d00c        0x0
 .iplt          0x0800d00c        0x0 ./system/src/stm32f4-hal/stm32f4xx_hal.o

.rel.dyn        0x0800d00c        0x0
 .rel.iplt      0x0800d00c        0x0 ./system/src/stm32f4-hal/stm32f4xx_hal.o

.ARM.extab
 *(.ARM.extab* .gnu.linkonce.armextab.*)
                0x0800d00c                . = ALIGN (0x4)
                0x0800d00c                __exidx_start = .

.ARM.exidx
 *(.ARM.exidx* .gnu.linkonce.armexidx.*)
                0x0800d00c                __exidx_end = .
                0x0800d00c                . = ALIGN (0x4)
                0x0800d00c                _etext = .
                0x0800d00c                __etext = .

.data_CCMRAM    0x10000000        0x0 load address 0x0800d00c
 FILL mask 0xff
 *(.data.CCMRAM .data.CCMRAM.*)
                0x10000000                . = ALIGN (0x4)
                0x0800d00c                _sidata = LOADADDR (.data)

.data           0x20000000      0x3b0 load address 0x0800d00c
 FILL mask 0xff
                0x20000000                _sdata = .
                0x20000000                __data_start__ = .
 *(.data_begin .data_begin.*)
 .data_begin    0x20000000        0x4 ./system/src/newlib/_startup.o
 *(.data .data.*)
 .data.argv.4282
                0x20000004        0x8 ./system/src/newlib/_syscalls.o
 .data.SystemCoreClock
                0x2000000c        0x4 ./system/src/cmsis/system_stm32f4xx.o
                0x2000000c                SystemCoreClock
 .data.states   0x20000010      0x258 ./src/main.o
                0x20000010                states
 .data.motor_control_gain
                0x20000268        0xc ./src/main.o
                0x20000268                motor_control_gain
 .data.samplerate
                0x20000274        0x2 ./src/main.o
                0x20000274                samplerate
 *fill*         0x20000276        0x2 ff
 .data.press_cal
                0x20000278       0x80 ./src/main.o
                0x20000278                press_cal
 .data.motor_pot_offset
                0x200002f8       0x10 ./src/main.o
                0x200002f8                motor_pot_offset
 .data.Stat     0x20000308        0x1 ./include/sd_diskio.o
 *fill*         0x20000309        0x3 ff
 .data.impure_data
                0x2000030c       0x60 c:/program files (x86)/gnu tools arm embedded/5.4 2016q2/bin/../lib/gcc/arm-none-eabi/5.4.1/../../../../arm-none-eabi/lib/armv7e-m\libg_nano.a(lib_a-impure.o)
 .data._impure_ptr
                0x2000036c        0x4 c:/program files (x86)/gnu tools arm embedded/5.4 2016q2/bin/../lib/gcc/arm-none-eabi/5.4.1/../../../../arm-none-eabi/lib/armv7e-m\libg_nano.a(lib_a-impure.o)
                0x2000036c                _impure_ptr
 .data.__ctype_ptr__
                0x20000370        0x4 c:/program files (x86)/gnu tools arm embedded/5.4 2016q2/bin/../lib/gcc/arm-none-eabi/5.4.1/../../../../arm-none-eabi/lib/armv7e-m\libg_nano.a(lib_a-ctype_.o)
                0x20000370                __ctype_ptr__
 .data.lconv    0x20000374       0x38 c:/program files (x86)/gnu tools arm embedded/5.4 2016q2/bin/../lib/gcc/arm-none-eabi/5.4.1/../../../../arm-none-eabi/lib/armv7e-m\libg_nano.a(lib_a-locale.o)
 *(.data_end .data_end.*)
 .data_end      0x200003ac        0x4 ./system/src/newlib/_startup.o
                0x200003b0                . = ALIGN (0x4)
                0x200003b0                _edata = .
                0x200003b0                __data_end__ = .

.igot.plt       0x200003b0        0x0 load address 0x0800d3bc
 .igot.plt      0x200003b0        0x0 ./system/src/stm32f4-hal/stm32f4xx_hal.o

.bss_CCMRAM     0x10000000        0x0
 *(.bss.CCMRAM .bss.CCMRAM.*)

.bss            0x200003b0     0x1bc4
                0x200003b0                __bss_start__ = .
                0x200003b0                _sbss = .
 *(.bss_begin .bss_begin.*)
 .bss_begin     0x200003b0        0x4 ./system/src/newlib/_startup.o
 *(.bss .bss.*)
 .bss.current_heap_end.3973
                0x200003b4        0x4 ./system/src/newlib/_sbrk.o
 .bss.name.4281
                0x200003b8        0x1 ./system/src/newlib/_syscalls.o
 *fill*         0x200003b9        0x3 
 .bss.buf.5165  0x200003bc       0x80 ./system/src/diag/Trace.o
 .bss.command_index
                0x2000043c        0x1 ./src/main.o
                0x2000043c                command_index
 .bss.unstuffed_packet_length
                0x2000043d        0x1 ./src/main.o
                0x2000043d                unstuffed_packet_length
 .bss.LOGGING_ACTIVE
                0x2000043e        0x1 ./src/main.o
                0x2000043e                LOGGING_ACTIVE
 .bss.temp      0x2000043f        0x1 ./src/main.o
                0x2000043f                temp
 .bss.disk      0x20000440        0xc ./include/ff_gen_drv.o
                0x20000440                disk
 .bss.__malloc_sbrk_start
                0x2000044c        0x4 c:/program files (x86)/gnu tools arm embedded/5.4 2016q2/bin/../lib/gcc/arm-none-eabi/5.4.1/../../../../arm-none-eabi/lib/armv7e-m\libg_nano.a(lib_a-nano-mallocr.o)
                0x2000044c                __malloc_sbrk_start
 .bss.__malloc_free_list
                0x20000450        0x4 c:/program files (x86)/gnu tools arm embedded/5.4 2016q2/bin/../lib/gcc/arm-none-eabi/5.4.1/../../../../arm-none-eabi/lib/armv7e-m\libg_nano.a(lib_a-nano-mallocr.o)
                0x20000450                __malloc_free_list
 *(COMMON)
 COMMON         0x20000454        0x4 ./system/src/stm32f4-hal/stm32f4xx_hal.o
                0x20000454                uwTick
 COMMON         0x20000458        0x4 ./system/src/newlib/_syscalls.o
                0x20000458                errno
 COMMON         0x2000045c        0x8 ./src/fatfs.o
                0x2000045c                retSD
                0x20000460                SD_Path
 *fill*         0x20000464        0x4 
 COMMON         0x20000468     0x1b08 ./src/main.o
                0x20000468                tvlv
                0x2000046c                hspi2
                0x200004c4                count2
                0x200004c8                htim8
                0x20000504                utilization
                0x20000508                spirit_data_buf
                0x20000908                htim4
                0x20000944                device_alias
                0x20000d2c                spirit_in
                0x20000d30                tmtr
                0x20000d34                motor_position
                0x20000d44                spirit_buf
                0x20000d5c                send_xbee_now
                0x20000d60                htim10
                0x20000d9c                motor_cycle_time
                0x20000da4                telem_stuffed
                0x20000ea4                telemetry_rate
                0x20000eac                motor_setpoint
                0x20000ebc                evlv
                0x20000efc                rs422_data_buf
                0x200012fc                state_timer
                0x20001300                tbrd
                0x20001304                htim5
                0x20001340                idle_time
                0x20001348                SDCardInfo
                0x200013a0                pressure
                0x200013e0                huart5
                0x20001420                xbee_buf
                0x20001438                end_time
                0x2000143c                start_time
                0x20001440                telemetry_format
                0x20001444                motor_pwm
                0x2000144c                htim13
                0x20001488                huart1
                0x200014c8                rs422_buf
                0x200014e0                STATE
                0x200014e4                htim11
                0x20001520                ibus
                0x20001524                motor_last_position
                0x20001534                hspi4
                0x2000158c                e5v
                0x20001590                count3
                0x20001594                telem_unstuffed
                0x20001694                xbee_data_buf
                0x20001a94                ivlv
                0x20001ad4                update_motors_now
                0x20001ad8                adc_data
                0x20001b78                htim6
                0x20001bb4                read_adc_now
                0x20001bb8                htim1
                0x20001bf4                motor_active
                0x20001bf8                ebatt
                0x20001bfc                rs422_in
                0x20001c00                htim9
                0x20001c3c                send_rs422_now
                0x20001c40                motor_accumulated_error
                0x20001c50                hsd
                0x20001cb0                valve_states
                0x20001cb4                count1
                0x20001cb8                xbee_in
                0x20001cbc                huart4
                0x20001cfc                hspi1
                0x20001d54                htim2
                0x20001d90                active_time
                0x20001d94                command_buffer
                0x20001ed4                main_cycle_time
                0x20001edc                telemetry_cycle_time
                0x20001ee4                htim12
                0x20001f20                htim7
                0x20001f5c                e3v
                0x20001f60                telem_utilization_time
                0x20001f68                adc_cycle_time
 *(.bss_end .bss_end.*)
 .bss_end       0x20001f70        0x4 ./system/src/newlib/_startup.o
                0x20001f74                . = ALIGN (0x4)
                0x20001f74                __bss_end__ = .
                0x20001f74                _ebss = .

.noinit_CCMRAM
 *(.noinit.CCMRAM .noinit.CCMRAM.*)

.noinit         0x20001f74        0x0
                0x20001f74                _noinit = .
 *(.noinit .noinit.*)
                0x20001f74                . = ALIGN (0x4)
                0x20001f74                _end_noinit = .
                [!provide]                PROVIDE (end, _end_noinit)
                [!provide]                PROVIDE (_end, _end_noinit)
                [!provide]                PROVIDE (__end, _end_noinit)
                [!provide]                PROVIDE (__end__, _end_noinit)

._check_stack   0x20001f74      0x100
                0x20002074                . = (. + _Minimum_Stack_Size)
 *fill*         0x20001f74      0x100 

.b1text
 *(.b1text)
 *(.b1rodata)
 *(.b1rodata.*)

.eb0text
 *(.eb0text)
 *(.eb0rodata)
 *(.eb0rodata.*)

.eb1text
 *(.eb1text)
 *(.eb1rodata)
 *(.eb1rodata.*)

.eb2text
 *(.eb2text)
 *(.eb2rodata)
 *(.eb2rodata.*)

.eb3text
 *(.eb3text)
 *(.eb3rodata)
 *(.eb3rodata.*)

.stab
 *(.stab)

.stabstr
 *(.stabstr)

.stab.excl
 *(.stab.excl)

.stab.exclstr
 *(.stab.exclstr)

.stab.index
 *(.stab.index)

.stab.indexstr
 *(.stab.indexstr)

.comment        0x00000000       0x6e
 *(.comment)
 .comment       0x00000000       0x6e ./system/src/stm32f4-hal/stm32f4xx_hal.o
                                 0x6f (size before relaxing)
 .comment       0x0000006e       0x6f ./system/src/stm32f4-hal/stm32f4xx_hal_cortex.o
 .comment       0x0000006e       0x6f ./system/src/stm32f4-hal/stm32f4xx_hal_gpio.o
 .comment       0x0000006e       0x6f ./system/src/stm32f4-hal/stm32f4xx_hal_pwr_ex.o
 .comment       0x0000006e       0x6f ./system/src/stm32f4-hal/stm32f4xx_hal_rcc.o
 .comment       0x0000006e       0x6f ./system/src/stm32f4-hal/stm32f4xx_hal_rcc_ex.o
 .comment       0x0000006e       0x6f ./system/src/stm32f4-hal/stm32f4xx_hal_sd.o
 .comment       0x0000006e       0x6f ./system/src/stm32f4-hal/stm32f4xx_hal_spi.o
 .comment       0x0000006e       0x6f ./system/src/stm32f4-hal/stm32f4xx_hal_tim.o
 .comment       0x0000006e       0x6f ./system/src/stm32f4-hal/stm32f4xx_hal_tim_ex.o
 .comment       0x0000006e       0x6f ./system/src/stm32f4-hal/stm32f4xx_hal_uart.o
 .comment       0x0000006e       0x6f ./system/src/stm32f4-hal/stm32f4xx_ll_sdmmc.o
 .comment       0x0000006e       0x6f ./system/src/newlib/_exit.o
 .comment       0x0000006e       0x6f ./system/src/newlib/_sbrk.o
 .comment       0x0000006e       0x6f ./system/src/newlib/_startup.o
 .comment       0x0000006e       0x6f ./system/src/newlib/_syscalls.o
 .comment       0x0000006e       0x6f ./system/src/diag/Trace.o
 .comment       0x0000006e       0x6f ./system/src/diag/trace_impl.o
 .comment       0x0000006e       0x6f ./system/src/cortexm/_initialize_hardware.o
 .comment       0x0000006e       0x6f ./system/src/cortexm/exception_handlers.o
 .comment       0x0000006e       0x6f ./system/src/cmsis/system_stm32f4xx.o
 .comment       0x0000006e       0x6f ./system/src/cmsis/vectors_stm32f446xx.o
 .comment       0x0000006e       0x6f ./src/_initialize_hardware.o
 .comment       0x0000006e       0x6f ./src/bsp_driver_sd.o
 .comment       0x0000006e       0x6f ./src/fatfs.o
 .comment       0x0000006e       0x6f ./src/main.o
 .comment       0x0000006e       0x6f ./src/stm32f4xx_hal_msp.o
 .comment       0x0000006e       0x6f ./src/stm32f4xx_it.o
 .comment       0x0000006e       0x6f ./include/ff_gen_drv.o
 .comment       0x0000006e       0x6f ./include/sd_diskio.o

.ARM.attributes
                0x00000000       0x31
 .ARM.attributes
                0x00000000       0x33 ./system/src/stm32f4-hal/stm32f4xx_hal.o
 .ARM.attributes
                0x00000033       0x33 ./system/src/stm32f4-hal/stm32f4xx_hal_cortex.o
 .ARM.attributes
                0x00000066       0x33 ./system/src/stm32f4-hal/stm32f4xx_hal_gpio.o
 .ARM.attributes
                0x00000099       0x33 ./system/src/stm32f4-hal/stm32f4xx_hal_pwr_ex.o
 .ARM.attributes
                0x000000cc       0x33 ./system/src/stm32f4-hal/stm32f4xx_hal_rcc.o
 .ARM.attributes
                0x000000ff       0x33 ./system/src/stm32f4-hal/stm32f4xx_hal_rcc_ex.o
 .ARM.attributes
                0x00000132       0x33 ./system/src/stm32f4-hal/stm32f4xx_hal_sd.o
 .ARM.attributes
                0x00000165       0x33 ./system/src/stm32f4-hal/stm32f4xx_hal_spi.o
 .ARM.attributes
                0x00000198       0x33 ./system/src/stm32f4-hal/stm32f4xx_hal_tim.o
 .ARM.attributes
                0x000001cb       0x33 ./system/src/stm32f4-hal/stm32f4xx_hal_tim_ex.o
 .ARM.attributes
                0x000001fe       0x33 ./system/src/stm32f4-hal/stm32f4xx_hal_uart.o
 .ARM.attributes
                0x00000231       0x33 ./system/src/stm32f4-hal/stm32f4xx_ll_sdmmc.o
 .ARM.attributes
                0x00000264       0x33 ./system/src/newlib/_exit.o
 .ARM.attributes
                0x00000297       0x33 ./system/src/newlib/_sbrk.o
 .ARM.attributes
                0x000002ca       0x33 ./system/src/newlib/_startup.o
 .ARM.attributes
                0x000002fd       0x33 ./system/src/newlib/_syscalls.o
 .ARM.attributes
                0x00000330       0x33 ./system/src/diag/Trace.o
 .ARM.attributes
                0x00000363       0x33 ./system/src/diag/trace_impl.o
 .ARM.attributes
                0x00000396       0x33 ./system/src/cortexm/_initialize_hardware.o
 .ARM.attributes
                0x000003c9       0x33 ./system/src/cortexm/exception_handlers.o
 .ARM.attributes
                0x000003fc       0x33 ./system/src/cmsis/system_stm32f4xx.o
 .ARM.attributes
                0x0000042f       0x33 ./system/src/cmsis/vectors_stm32f446xx.o
 .ARM.attributes
                0x00000462       0x33 ./src/_initialize_hardware.o
 .ARM.attributes
                0x00000495       0x33 ./src/bsp_driver_sd.o
 .ARM.attributes
                0x000004c8       0x33 ./src/fatfs.o
 .ARM.attributes
                0x000004fb       0x33 ./src/main.o
 .ARM.attributes
                0x0000052e       0x33 ./src/stm32f4xx_hal_msp.o
 .ARM.attributes
                0x00000561       0x33 ./src/stm32f4xx_it.o
 .ARM.attributes
                0x00000594       0x33 ./include/ff_gen_drv.o
 .ARM.attributes
                0x000005c7       0x33 ./include/sd_diskio.o
 .ARM.attributes
                0x000005fa       0x1e c:/program files (x86)/gnu tools arm embedded/5.4 2016q2/bin/../lib/gcc/arm-none-eabi/5.4.1/armv7e-m\libgcc.a(_arm_addsubdf3.o)
 .ARM.attributes
                0x00000618       0x1e c:/program files (x86)/gnu tools arm embedded/5.4 2016q2/bin/../lib/gcc/arm-none-eabi/5.4.1/armv7e-m\libgcc.a(_arm_muldivdf3.o)
 .ARM.attributes
                0x00000636       0x1e c:/program files (x86)/gnu tools arm embedded/5.4 2016q2/bin/../lib/gcc/arm-none-eabi/5.4.1/armv7e-m\libgcc.a(_arm_truncdfsf2.o)
 .ARM.attributes
                0x00000654       0x1e c:/program files (x86)/gnu tools arm embedded/5.4 2016q2/bin/../lib/gcc/arm-none-eabi/5.4.1/armv7e-m\libgcc.a(_arm_addsubsf3.o)
 .ARM.attributes
                0x00000672       0x1e c:/program files (x86)/gnu tools arm embedded/5.4 2016q2/bin/../lib/gcc/arm-none-eabi/5.4.1/armv7e-m\libgcc.a(_arm_muldivsf3.o)
 .ARM.attributes
                0x00000690       0x1e c:/program files (x86)/gnu tools arm embedded/5.4 2016q2/bin/../lib/gcc/arm-none-eabi/5.4.1/armv7e-m\libgcc.a(_arm_cmpsf2.o)
 .ARM.attributes
                0x000006ae       0x1e c:/program files (x86)/gnu tools arm embedded/5.4 2016q2/bin/../lib/gcc/arm-none-eabi/5.4.1/armv7e-m\libgcc.a(_arm_fixsfsi.o)
 .ARM.attributes
                0x000006cc       0x2e c:/program files (x86)/gnu tools arm embedded/5.4 2016q2/bin/../lib/gcc/arm-none-eabi/5.4.1/../../../../arm-none-eabi/lib/armv7e-m\libg_nano.a(lib_a-abs.o)
 .ARM.attributes
                0x000006fa       0x2e c:/program files (x86)/gnu tools arm embedded/5.4 2016q2/bin/../lib/gcc/arm-none-eabi/5.4.1/../../../../arm-none-eabi/lib/armv7e-m\libg_nano.a(lib_a-atoi.o)
 .ARM.attributes
                0x00000728       0x2e c:/program files (x86)/gnu tools arm embedded/5.4 2016q2/bin/../lib/gcc/arm-none-eabi/5.4.1/../../../../arm-none-eabi/lib/armv7e-m\libg_nano.a(lib_a-errno.o)
 .ARM.attributes
                0x00000756       0x2e c:/program files (x86)/gnu tools arm embedded/5.4 2016q2/bin/../lib/gcc/arm-none-eabi/5.4.1/../../../../arm-none-eabi/lib/armv7e-m\libg_nano.a(lib_a-impure.o)
 .ARM.attributes
                0x00000784       0x2e c:/program files (x86)/gnu tools arm embedded/5.4 2016q2/bin/../lib/gcc/arm-none-eabi/5.4.1/../../../../arm-none-eabi/lib/armv7e-m\libg_nano.a(lib_a-memset.o)
 .ARM.attributes
                0x000007b2       0x2e c:/program files (x86)/gnu tools arm embedded/5.4 2016q2/bin/../lib/gcc/arm-none-eabi/5.4.1/../../../../arm-none-eabi/lib/armv7e-m\libg_nano.a(lib_a-nano-vfprintf_float.o)
 .ARM.attributes
                0x000007e0       0x2e c:/program files (x86)/gnu tools arm embedded/5.4 2016q2/bin/../lib/gcc/arm-none-eabi/5.4.1/../../../../arm-none-eabi/lib/armv7e-m\libg_nano.a(lib_a-nano-vfprintf_i.o)
 .ARM.attributes
                0x0000080e       0x2e c:/program files (x86)/gnu tools arm embedded/5.4 2016q2/bin/../lib/gcc/arm-none-eabi/5.4.1/../../../../arm-none-eabi/lib/armv7e-m\libg_nano.a(lib_a-snprintf.o)
 .ARM.attributes
                0x0000083c       0x1c c:/program files (x86)/gnu tools arm embedded/5.4 2016q2/bin/../lib/gcc/arm-none-eabi/5.4.1/../../../../arm-none-eabi/lib/armv7e-m\libg_nano.a(lib_a-strcmp.o)
 .ARM.attributes
                0x00000858       0x2e c:/program files (x86)/gnu tools arm embedded/5.4 2016q2/bin/../lib/gcc/arm-none-eabi/5.4.1/../../../../arm-none-eabi/lib/armv7e-m\libg_nano.a(lib_a-strcpy.o)
 .ARM.attributes
                0x00000886       0x17 c:/program files (x86)/gnu tools arm embedded/5.4 2016q2/bin/../lib/gcc/arm-none-eabi/5.4.1/../../../../arm-none-eabi/lib/armv7e-m\libg_nano.a(lib_a-strlen.o)
 .ARM.attributes
                0x0000089d       0x2e c:/program files (x86)/gnu tools arm embedded/5.4 2016q2/bin/../lib/gcc/arm-none-eabi/5.4.1/../../../../arm-none-eabi/lib/armv7e-m\libg_nano.a(lib_a-strtod.o)
 .ARM.attributes
                0x000008cb       0x2e c:/program files (x86)/gnu tools arm embedded/5.4 2016q2/bin/../lib/gcc/arm-none-eabi/5.4.1/../../../../arm-none-eabi/lib/armv7e-m\libg_nano.a(lib_a-strtok.o)
 .ARM.attributes
                0x000008f9       0x2e c:/program files (x86)/gnu tools arm embedded/5.4 2016q2/bin/../lib/gcc/arm-none-eabi/5.4.1/../../../../arm-none-eabi/lib/armv7e-m\libg_nano.a(lib_a-strtok_r.o)
 .ARM.attributes
                0x00000927       0x2e c:/program files (x86)/gnu tools arm embedded/5.4 2016q2/bin/../lib/gcc/arm-none-eabi/5.4.1/../../../../arm-none-eabi/lib/armv7e-m\libg_nano.a(lib_a-strtol.o)
 .ARM.attributes
                0x00000955       0x2e c:/program files (x86)/gnu tools arm embedded/5.4 2016q2/bin/../lib/gcc/arm-none-eabi/5.4.1/../../../../arm-none-eabi/lib/armv7e-m\libg_nano.a(lib_a-vsnprintf.o)
 .ARM.attributes
                0x00000983       0x2e c:/program files (x86)/gnu tools arm embedded/5.4 2016q2/bin/../lib/gcc/arm-none-eabi/5.4.1/../../../../arm-none-eabi/lib/armv7e-m\libg_nano.a(lib_a-ctype_.o)
 .ARM.attributes
                0x000009b1       0x2e c:/program files (x86)/gnu tools arm embedded/5.4 2016q2/bin/../lib/gcc/arm-none-eabi/5.4.1/../../../../arm-none-eabi/lib/armv7e-m\libg_nano.a(lib_a-dtoa.o)
 .ARM.attributes
                0x000009df       0x2e c:/program files (x86)/gnu tools arm embedded/5.4 2016q2/bin/../lib/gcc/arm-none-eabi/5.4.1/../../../../arm-none-eabi/lib/armv7e-m\libg_nano.a(lib_a-gdtoa-gethex.o)
 .ARM.attributes
                0x00000a0d       0x2e c:/program files (x86)/gnu tools arm embedded/5.4 2016q2/bin/../lib/gcc/arm-none-eabi/5.4.1/../../../../arm-none-eabi/lib/armv7e-m\libg_nano.a(lib_a-gdtoa-hexnan.o)
 .ARM.attributes
                0x00000a3b       0x2e c:/program files (x86)/gnu tools arm embedded/5.4 2016q2/bin/../lib/gcc/arm-none-eabi/5.4.1/../../../../arm-none-eabi/lib/armv7e-m\libg_nano.a(lib_a-locale.o)
 .ARM.attributes
                0x00000a69       0x2e c:/program files (x86)/gnu tools arm embedded/5.4 2016q2/bin/../lib/gcc/arm-none-eabi/5.4.1/../../../../arm-none-eabi/lib/armv7e-m\libg_nano.a(lib_a-malloc.o)
 .ARM.attributes
                0x00000a97       0x1c c:/program files (x86)/gnu tools arm embedded/5.4 2016q2/bin/../lib/gcc/arm-none-eabi/5.4.1/../../../../arm-none-eabi/lib/armv7e-m\libg_nano.a(lib_a-memchr.o)
 .ARM.attributes
                0x00000ab3       0x2e c:/program files (x86)/gnu tools arm embedded/5.4 2016q2/bin/../lib/gcc/arm-none-eabi/5.4.1/../../../../arm-none-eabi/lib/armv7e-m\libg_nano.a(lib_a-memcpy-stub.o)
 .ARM.attributes
                0x00000ae1       0x2e c:/program files (x86)/gnu tools arm embedded/5.4 2016q2/bin/../lib/gcc/arm-none-eabi/5.4.1/../../../../arm-none-eabi/lib/armv7e-m\libg_nano.a(lib_a-mprec.o)
 .ARM.attributes
                0x00000b0f       0x2e c:/program files (x86)/gnu tools arm embedded/5.4 2016q2/bin/../lib/gcc/arm-none-eabi/5.4.1/../../../../arm-none-eabi/lib/armv7e-m\libg_nano.a(lib_a-nano-callocr.o)
 .ARM.attributes
                0x00000b3d       0x2e c:/program files (x86)/gnu tools arm embedded/5.4 2016q2/bin/../lib/gcc/arm-none-eabi/5.4.1/../../../../arm-none-eabi/lib/armv7e-m\libg_nano.a(lib_a-nano-freer.o)
 .ARM.attributes
                0x00000b6b       0x2e c:/program files (x86)/gnu tools arm embedded/5.4 2016q2/bin/../lib/gcc/arm-none-eabi/5.4.1/../../../../arm-none-eabi/lib/armv7e-m\libg_nano.a(lib_a-nano-mallocr.o)
 .ARM.attributes
                0x00000b99       0x2e c:/program files (x86)/gnu tools arm embedded/5.4 2016q2/bin/../lib/gcc/arm-none-eabi/5.4.1/../../../../arm-none-eabi/lib/armv7e-m\libg_nano.a(lib_a-nano-svfprintf.o)
 .ARM.attributes
                0x00000bc7       0x2e c:/program files (x86)/gnu tools arm embedded/5.4 2016q2/bin/../lib/gcc/arm-none-eabi/5.4.1/../../../../arm-none-eabi/lib/armv7e-m\libg_nano.a(lib_a-sbrkr.o)
 .ARM.attributes
                0x00000bf5       0x2e c:/program files (x86)/gnu tools arm embedded/5.4 2016q2/bin/../lib/gcc/arm-none-eabi/5.4.1/../../../../arm-none-eabi/lib/armv7e-m\libg_nano.a(lib_a-sf_nan.o)
 .ARM.attributes
                0x00000c23       0x2e c:/program files (x86)/gnu tools arm embedded/5.4 2016q2/bin/../lib/gcc/arm-none-eabi/5.4.1/../../../../arm-none-eabi/lib/armv7e-m\libg_nano.a(lib_a-strncmp.o)
 .ARM.attributes
                0x00000c51       0x2e c:/program files (x86)/gnu tools arm embedded/5.4 2016q2/bin/../lib/gcc/arm-none-eabi/5.4.1/../../../../arm-none-eabi/lib/armv7e-m\libg_nano.a(lib_a-memmove.o)
 .ARM.attributes
                0x00000c7f       0x2e c:/program files (x86)/gnu tools arm embedded/5.4 2016q2/bin/../lib/gcc/arm-none-eabi/5.4.1/../../../../arm-none-eabi/lib/armv7e-m\libg_nano.a(lib_a-mlock.o)
 .ARM.attributes
                0x00000cad       0x2e c:/program files (x86)/gnu tools arm embedded/5.4 2016q2/bin/../lib/gcc/arm-none-eabi/5.4.1/../../../../arm-none-eabi/lib/armv7e-m\libg_nano.a(lib_a-nano-reallocr.o)
 .ARM.attributes
                0x00000cdb       0x2e c:/program files (x86)/gnu tools arm embedded/5.4 2016q2/bin/../lib/gcc/arm-none-eabi/5.4.1/../../../../arm-none-eabi/lib/armv7e-m\libg_nano.a(lib_a-nano-msizer.o)
 .ARM.attributes
                0x00000d09       0x1e c:/program files (x86)/gnu tools arm embedded/5.4 2016q2/bin/../lib/gcc/arm-none-eabi/5.4.1/armv7e-m\libgcc.a(_arm_cmpdf2.o)
 .ARM.attributes
                0x00000d27       0x1e c:/program files (x86)/gnu tools arm embedded/5.4 2016q2/bin/../lib/gcc/arm-none-eabi/5.4.1/armv7e-m\libgcc.a(_arm_unorddf2.o)
 .ARM.attributes
                0x00000d45       0x1e c:/program files (x86)/gnu tools arm embedded/5.4 2016q2/bin/../lib/gcc/arm-none-eabi/5.4.1/armv7e-m\libgcc.a(_arm_fixdfsi.o)
 .ARM.attributes
                0x00000d63       0x1e c:/program files (x86)/gnu tools arm embedded/5.4 2016q2/bin/../lib/gcc/arm-none-eabi/5.4.1/armv7e-m\libgcc.a(_arm_fixunsdfsi.o)

.debug
 *(.debug)

.line
 *(.line)

.debug_srcinfo
 *(.debug_srcinfo)

.debug_sfnames
 *(.debug_sfnames)

.debug_aranges  0x00000000     0x1288
 *(.debug_aranges)
 .debug_aranges
                0x00000000       0xc0 ./system/src/stm32f4-hal/stm32f4xx_hal.o
 .debug_aranges
                0x000000c0       0x98 ./system/src/stm32f4-hal/stm32f4xx_hal_cortex.o
 .debug_aranges
                0x00000158       0x58 ./system/src/stm32f4-hal/stm32f4xx_hal_gpio.o
 .debug_aranges
                0x000001b0       0x60 ./system/src/stm32f4-hal/stm32f4xx_hal_pwr_ex.o
 .debug_aranges
                0x00000210       0x88 ./system/src/stm32f4-hal/stm32f4xx_hal_rcc.o
 .debug_aranges
                0x00000298       0x50 ./system/src/stm32f4-hal/stm32f4xx_hal_rcc_ex.o
 .debug_aranges
                0x000002e8      0x180 ./system/src/stm32f4-hal/stm32f4xx_hal_sd.o
 .debug_aranges
                0x00000468      0x1b0 ./system/src/stm32f4-hal/stm32f4xx_hal_spi.o
 .debug_aranges
                0x00000618      0x368 ./system/src/stm32f4-hal/stm32f4xx_hal_tim.o
 .debug_aranges
                0x00000980      0x140 ./system/src/stm32f4-hal/stm32f4xx_hal_tim_ex.o
 .debug_aranges
                0x00000ac0      0x150 ./system/src/stm32f4-hal/stm32f4xx_hal_uart.o
 .debug_aranges
                0x00000c10       0x80 ./system/src/stm32f4-hal/stm32f4xx_ll_sdmmc.o
 .debug_aranges
                0x00000c90       0x28 ./system/src/newlib/_exit.o
 .debug_aranges
                0x00000cb8       0x20 ./system/src/newlib/_sbrk.o
 .debug_aranges
                0x00000cd8       0x40 ./system/src/newlib/_startup.o
 .debug_aranges
                0x00000d18       0x30 ./system/src/newlib/_syscalls.o
 .debug_aranges
                0x00000d48       0x38 ./system/src/diag/Trace.o
 .debug_aranges